SESION-ESTADO: sesion 1 WTSConnectState=WTSActive SM_REMOTESESSION=0 SM_CMONITORS=1 UserInteractive=True; Switch.System.Windows.Media.ShouldRenderEvenWhenNoDisplayDevicesAreAvailable=True
RENDER-SONDA: OK - 64/64 pixeles pintados
AISLAMIENTO: 12 .plr/.tplr y 11 .wld/.twld reales COPIADOS a C:\Users\adrian\AppData\Local\Temp\TerrakeepArnes-150804; carpetas reales de personajes y mundos sustituidas; carpeta de estado redirigida a C:\Users\adrian\AppData\Local\Temp\TerrakeepArnes-150804\estado-app (5 fichero(s) de estado copiados como siembra; los reales no se escriben).
T12-RENDER: local sin RDP -> ShouldForceSoftwareRendering()=True (esperado False en esta maquina)
T12-RENDER: con TERRAKEEP_FORCE_SOFTWARE_RENDER=1 -> ShouldForceSoftwareRendering()=True (esperado True)
T-G-ARRANQUE: new MainWindow() (CharacterFileService + MainViewModel + XAML) tardo 755ms
T-G-ASYNC: IsScanning justo tras new MainWindow() (antes de cualquier DoEvents)=True (esperado True - el escaneo real corre en segundo plano, no bloquea la construccion de la ventana)
T3-RESTAURADO: Left=674 Top=243 Width=1476 Height=1081
ARNES-TAMA¥O-BASE: Width=1180 Height=860 (fijado aqui para que el resto del arnes no dependa del tama¤o heredado de window.json)
HOME-SCAN: 6 personaje(s) encontrado(s) en la carpeta AISLADA del arnes (copias de los .plr reales en C:\Users\adrian\AppData\Local\Temp\TerrakeepArnes-150804, nunca los originales)
  - Eldelgas | N£cleo medio | Vanilla=False tModLoader=True Calamity=True | mods='Mods usados la £ltima vez: CalamityModMusic, CalamityMod, CalamityModEsp, HEROsMod, KeepQAFpsProbe, TerrakeepMod, TModLoaderMod' | 28/09/2026 12:22
  - Zenith | Cl sico | Vanilla=False tModLoader=True Calamity=True | mods='Mods usados la £ltima vez: CalamityModMusic, CalamityMod, CalamityModEsp, HEROsMod, KeepQAFpsProbe, TerrakeepMod, TModLoaderMod' | 26/09/2026 11:19
  - Terrariano | Cl sico | Vanilla=True tModLoader=False Calamity=False | mods='Personaje de tModLoader: tiene un archivo .tplr con datos de mods al lado' | 22/09/2026 02:26
  - Eldelgas | Cl sico | Vanilla=True tModLoader=False Calamity=False | mods='Personaje de tModLoader: tiene un archivo .tplr con datos de mods al lado' | 20/09/2026 16:44
  - adrian | Viaje | Vanilla=False tModLoader=True Calamity=True | mods='Mods usados la £ltima vez: CalamityModMusic, CalamityMod, CalamityModEsp, HEROsMod, KeepQAFpsProbe, TerrakeepMod, TModLoaderMod' | 16/09/2026 08:01
  - adrian | Viaje | Vanilla=False tModLoader=True Calamity=True | mods='Mods usados la £ltima vez: CalamityModMusic, CalamityMod, CalamityModEsp' | 29/08/2026 00:21
INSIGNIAS-TMOD-SIN-CALAMITY: Vanilla=False tModLoader=True Calamity=False tooltip='Mods usados la £ltima vez: HEROsMod' (esperado False/True/False)
  Captura -> C:\Users\adrian\Downloads\Keep\Terrasavr-Win\Terrasavr-Native\Terrakeep.App.Tests\bin\Release\net10.0-windows\inicio-lanzador.png
HOME-OPEN: click en 'Eldelgas' -> SelectedTabIndex=1 (esperado 1), CharacterName=Eldelgas, IsCharacterLoaded=True
I-a IsCurrent tras abrir 'Eldelgas'=True (esperado True)
A9-13-IDIOMA: Inicio en espa¤ol -> TextBlock encontrado=True, contiene 'Aplicaci¢n nativa de Windows'=True (esperado True en los dos)
A9-13-IDIOMA: tras cambiar a ingles EN VIVO (mismo TextBlock, sin reiniciar) -> contiene 'Native Windows app'=True (esperado True)
A9-13-IDIOMA: vuelta a espa¤ol -> contiene 'Aplicaci¢n nativa de Windows'=True (esperado True)
I-b: 4 item(s) de menu, comandos sin resolver= (esperado ninguno)
H5-04-HISTORIAL: MenuItem 'Historial de versiones' presente=True, comando resuelto=True (esperado True, True)
H6-01-DOLL: copia aislada del personaje real 'Eldelgas' (C:\Users\adrian\AppData\Local\Temp\TerrakeepArnes-150804\tModLoader\Players\Eldelgas.plr), IsMale=True, HairStyle=20, pixeles opacos=1480/2240 (esperado > 700)
Captura doll con brazos, copia aislada del personaje real -> h6-doll-personaje-real.png
MEDICION-PERSONAJE: 17ms
LOAD: OK - Cargado 'UIA-Test' - personaje 100% vanilla (sin .tplr).
BUILDCODE-CANEXECUTE: tras cargar personaje (sin ningun evento de entrada real de por medio) -> BuildCodeButton.IsEnabled=True (esperado True, IsCharacterLoaded=True)
BUILDCODE-CANEXECUTE: captura real -> C:\Users\adrian\Downloads\Keep\Terrasavr-Win\Terrasavr-Native\Terrakeep.App.Tests\bin\Release\net10.0-windows\buildcode-boton-activado-tras-cargar.png
EQUIP-RESP AISLAMIENTO: abierto por ruta 'C:\Users\adrian\AppData\Local\Temp\TerrakeepArnes-150804\canario-equip\tModLoader\Players\Eldelgas.plr' (copia de 'C:\Users\adrian\AppData\Local\Temp\TerrakeepArnes-150804\tModLoader\Players\Eldelgas.plr')
EQUIP-RESP [min-1080x700-libplegada] 1080x700 SizeClass=Compacto idioma=es libreriaPlegada=True vista=Items | pagina vp=455,1 ext=390,3 scr=0 ancho=648 | scrollAnidadosV=0 (con barra visible=0): ninguno
EQUIP-RESP [min-1080x700-libplegada] 1080x700 SizeClass=Compacto idioma=es libreriaPlegada=True vista=Items | elementos=61 clipH=0 (peor 0px) clipV-perdido=0 clipV-soloScrollAnidado=0 (peor 0px) bajoPliegueDelOwnerPrincipal=0 
EQUIP-RESP [min-1080x700-libplegada] 1080x700 SizeClass=Compacto idioma=es libreriaPlegada=True vista=Items | selector Vista: 3/3 presentes, 3 enteros sin desplazar (Armadura/Vanidad/Tintes) | Loadout: 3/3 | nav 1/2/3: 3/3
EQUIP-RESP [min-1080x700-libplegada] 1080x700 SizeClass=Compacto idioma=es libreriaPlegada=True vista=Items | Editar: 300x222,4 scrollPropio vp= ext= scr= slotSeleccionado=True
EQUIP-RESP [min-1080x700-libplegada] 1080x700 SizeClass=Compacto idioma=es libreriaPlegada=True vista=Items | Editar: textos recortados=0  | subtitulo='Loadout 1 - armadura/accesorios  ú slot  0 úÿCabeza' (234x29,3) numeroSlotVisible=True
EQUIP-RESP [min-1080x700-libplegada] 1080x700 SizeClass=Compacto idioma=es libreriaPlegada=True vista=Items | usoAnchoFila=93 % subvistasVisibles=1 ladoALado=False
EQUIP-RESP [min-1080x700-libplegada] 1080x700 SizeClass=Compacto idioma=es libreriaPlegada=True vista=Items | columnas fila=142/340/142 | celdas: miscEquips=56px miscDyes=56px loadout0Items=58,8px coins=56px ammo=56px | Editar=300x222,4
EQUIP-RESP [min-1080x700-libplegada] 1080x700 SizeClass=Compacto idioma=es libreriaPlegada=True vista=Items | captura -> C:\Users\adrian\Downloads\Keep\Terrasavr-Win\Terrasavr-Native\Terrakeep.App.Tests\bin\Release\net10.0-windows\keepqa-evidencia\responsive-faseB\equip-actual-min-1080x700-libplegada.png
EQUIP-RESP [min-1080x700-libdesplegada] 1080x700 SizeClass=Compacto idioma=es libreriaPlegada=False vista=Items | pagina vp=293,6 ext=387,9 scr=94,3 ancho=631 | scrollAnidadosV=0 (con barra visible=0): ninguno
EQUIP-RESP [min-1080x700-libdesplegada] 1080x700 SizeClass=Compacto idioma=es libreriaPlegada=False vista=Items | elementos=63 clipH=0 (peor 0px) clipV-perdido=0 clipV-soloScrollAnidado=0 (peor 0px) bajoPliegueDelOwnerPrincipal=8 
EQUIP-RESP [min-1080x700-libdesplegada] 1080x700 SizeClass=Compacto idioma=es libreriaPlegada=False vista=Items | selector Vista: 3/3 presentes, 3 enteros sin desplazar (Armadura/Vanidad/Tintes) | Loadout: 3/3 | nav 1/2/3: 3/3
EQUIP-RESP [min-1080x700-libdesplegada] 1080x700 SizeClass=Compacto idioma=es libreriaPlegada=False vista=Items | Editar: 300x222,4 scrollPropio vp= ext= scr= slotSeleccionado=True
EQUIP-RESP [min-1080x700-libdesplegada] 1080x700 SizeClass=Compacto idioma=es libreriaPlegada=False vista=Items | Editar: textos recortados=0  | subtitulo='Loadout 1 - armadura/accesorios  ú slot  0 úÿCabeza' (234x29,3) numeroSlotVisible=True
EQUIP-RESP [min-1080x700-libdesplegada] 1080x700 SizeClass=Compacto idioma=es libreriaPlegada=False vista=Items | usoAnchoFila=94 % subvistasVisibles=1 ladoALado=False
EQUIP-RESP [min-1080x700-libdesplegada] 1080x700 SizeClass=Compacto idioma=es libreriaPlegada=False vista=Items | columnas fila=141,1/323,9/142 | celdas: miscEquips=55,5px miscDyes=55,5px loadout0Items=57,1px coins=56px ammo=56px | Editar=300x222,4
EQUIP-RESP [min-1080x700-libdesplegada] 1080x700 SizeClass=Compacto idioma=es libreriaPlegada=False vista=Items | captura -> C:\Users\adrian\Downloads\Keep\Terrasavr-Win\Terrasavr-Native\Terrakeep.App.Tests\bin\Release\net10.0-windows\keepqa-evidencia\responsive-faseB\equip-actual-min-1080x700-libdesplegada.png
EQUIP-RESP [medio-1366x768-libplegada] 1366x768 SizeClass=Normal idioma=es libreriaPlegada=True vista=Items | pagina vp=523,1 ext=390,3 scr=0 ancho=857,8 | scrollAnidadosV=0 (con barra visible=0): ninguno
EQUIP-RESP [medio-1366x768-libplegada] 1366x768 SizeClass=Normal idioma=es libreriaPlegada=True vista=Items | elementos=61 clipH=0 (peor 0px) clipV-perdido=0 clipV-soloScrollAnidado=0 (peor 0px) bajoPliegueDelOwnerPrincipal=0 
EQUIP-RESP [medio-1366x768-libplegada] 1366x768 SizeClass=Normal idioma=es libreriaPlegada=True vista=Items | selector Vista: 3/3 presentes, 3 enteros sin desplazar (Armadura/Vanidad/Tintes) | Loadout: 3/3 | nav 1/2/3: 3/3
EQUIP-RESP [medio-1366x768-libplegada] 1366x768 SizeClass=Normal idioma=es libreriaPlegada=True vista=Items | Editar: 300x222,4 scrollPropio vp= ext= scr= slotSeleccionado=True
EQUIP-RESP [medio-1366x768-libplegada] 1366x768 SizeClass=Normal idioma=es libreriaPlegada=True vista=Items | Editar: textos recortados=0  | subtitulo='Loadout 1 - armadura/accesorios  ú slot  0 úÿCabeza' (234x29,3) numeroSlotVisible=True
EQUIP-RESP [medio-1366x768-libplegada] 1366x768 SizeClass=Normal idioma=es libreriaPlegada=True vista=Items | usoAnchoFila=77 % subvistasVisibles=1 ladoALado=False
EQUIP-RESP [medio-1366x768-libplegada] 1366x768 SizeClass=Normal idioma=es libreriaPlegada=True vista=Items | columnas fila=142/549,8/142 | celdas: miscEquips=56px miscDyes=56px loadout0Items=72px coins=56px ammo=56px | Editar=300x222,4
EQUIP-RESP [medio-1366x768-libplegada] 1366x768 SizeClass=Normal idioma=es libreriaPlegada=True vista=Items | captura -> C:\Users\adrian\Downloads\Keep\Terrasavr-Win\Terrasavr-Native\Terrakeep.App.Tests\bin\Release\net10.0-windows\keepqa-evidencia\responsive-faseB\equip-actual-medio-1366x768-libplegada.png
EQUIP-RESP [medio-1366x768-libdesplegada] 1366x768 SizeClass=Normal idioma=es libreriaPlegada=False vista=Items | pagina vp=334,4 ext=390,3 scr=55,8 ancho=840,8 | scrollAnidadosV=0 (con barra visible=0): ninguno
EQUIP-RESP [medio-1366x768-libdesplegada] 1366x768 SizeClass=Normal idioma=es libreriaPlegada=False vista=Items | elementos=63 clipH=0 (peor 0px) clipV-perdido=0 clipV-soloScrollAnidado=0 (peor 0px) bajoPliegueDelOwnerPrincipal=2 
EQUIP-RESP [medio-1366x768-libdesplegada] 1366x768 SizeClass=Normal idioma=es libreriaPlegada=False vista=Items | selector Vista: 3/3 presentes, 3 enteros sin desplazar (Armadura/Vanidad/Tintes) | Loadout: 3/3 | nav 1/2/3: 3/3
EQUIP-RESP [medio-1366x768-libdesplegada] 1366x768 SizeClass=Normal idioma=es libreriaPlegada=False vista=Items | Editar: 300x222,4 scrollPropio vp= ext= scr= slotSeleccionado=True
EQUIP-RESP [medio-1366x768-libdesplegada] 1366x768 SizeClass=Normal idioma=es libreriaPlegada=False vista=Items | Editar: textos recortados=0  | subtitulo='Loadout 1 - armadura/accesorios  ú slot  0 úÿCabeza' (234x29,3) numeroSlotVisible=True
EQUIP-RESP [medio-1366x768-libdesplegada] 1366x768 SizeClass=Normal idioma=es libreriaPlegada=False vista=Items | usoAnchoFila=79 % subvistasVisibles=1 ladoALado=False
EQUIP-RESP [medio-1366x768-libdesplegada] 1366x768 SizeClass=Normal idioma=es libreriaPlegada=False vista=Items | columnas fila=142/532,8/142 | celdas: miscEquips=56px miscDyes=56px loadout0Items=72px coins=56px ammo=56px | Editar=300x222,4
EQUIP-RESP [medio-1366x768-libdesplegada] 1366x768 SizeClass=Normal idioma=es libreriaPlegada=False vista=Items | captura -> C:\Users\adrian\Downloads\Keep\Terrasavr-Win\Terrasavr-Native\Terrakeep.App.Tests\bin\Release\net10.0-windows\keepqa-evidencia\responsive-faseB\equip-actual-medio-1366x768-libdesplegada.png
EQUIP-RESP [amplio-1520x860-libdesplegada] 1520x860 SizeClass=Amplio idioma=es libreriaPlegada=False vista=Items | pagina vp=389,6 ext=390,3 scr=0,6 ancho=994,8 | scrollAnidadosV=0 (con barra visible=0): ninguno
EQUIP-RESP [amplio-1520x860-libdesplegada] 1520x860 SizeClass=Amplio idioma=es libreriaPlegada=False vista=Items | elementos=63 clipH=0 (peor 0px) clipV-perdido=0 clipV-soloScrollAnidado=0 (peor 0px) bajoPliegueDelOwnerPrincipal=0 
EQUIP-RESP [amplio-1520x860-libdesplegada] 1520x860 SizeClass=Amplio idioma=es libreriaPlegada=False vista=Items | selector Vista: 3/3 presentes, 3 enteros sin desplazar (Armadura/Vanidad/Tintes) | Loadout: 3/3 | nav 1/2/3: 3/3
EQUIP-RESP [amplio-1520x860-libdesplegada] 1520x860 SizeClass=Amplio idioma=es libreriaPlegada=False vista=Items | Editar: 300x222,4 scrollPropio vp= ext= scr= slotSeleccionado=True
EQUIP-RESP [amplio-1520x860-libdesplegada] 1520x860 SizeClass=Amplio idioma=es libreriaPlegada=False vista=Items | Editar: textos recortados=0  | subtitulo='Loadout 1 - armadura/accesorios  ú slot  0 úÿCabeza' (234x29,3) numeroSlotVisible=True
EQUIP-RESP [amplio-1520x860-libdesplegada] 1520x860 SizeClass=Amplio idioma=es libreriaPlegada=False vista=Items | usoAnchoFila=66 % subvistasVisibles=1 ladoALado=False
EQUIP-RESP [amplio-1520x860-libdesplegada] 1520x860 SizeClass=Amplio idioma=es libreriaPlegada=False vista=Items | columnas fila=142/686,8/142 | celdas: miscEquips=56px miscDyes=56px loadout0Items=72px coins=56px ammo=56px | Editar=300x222,4
EQUIP-RESP [amplio-1520x860-libdesplegada] 1520x860 SizeClass=Amplio idioma=es libreriaPlegada=False vista=Items | captura -> C:\Users\adrian\Downloads\Keep\Terrasavr-Win\Terrasavr-Native\Terrakeep.App.Tests\bin\Release\net10.0-windows\keepqa-evidencia\responsive-faseB\equip-actual-amplio-1520x860-libdesplegada.png
EQUIP-RESP [grande-1920x1080-libdesplegada] 1920x1080 SizeClass=Extra idioma=es libreriaPlegada=False vista=Items | pagina vp=393,9 ext=392,9 scr=0 ancho=1411,8 | scrollAnidadosV=0 (con barra visible=0): ninguno
EQUIP-RESP [grande-1920x1080-libdesplegada] 1920x1080 SizeClass=Extra idioma=es libreriaPlegada=False vista=Items | elementos=84 clipH=0 (peor 0px) clipV-perdido=0 clipV-soloScrollAnidado=0 (peor 0px) bajoPliegueDelOwnerPrincipal=0 
EQUIP-RESP [grande-1920x1080-libdesplegada] 1920x1080 SizeClass=Extra idioma=es libreriaPlegada=False vista=Items | selector Vista: 3/3 presentes, 3 enteros sin desplazar (Armadura/Vanidad/Tintes) | Loadout: 3/3 | nav 1/2/3: 3/3
EQUIP-RESP [grande-1920x1080-libdesplegada] 1920x1080 SizeClass=Extra idioma=es libreriaPlegada=False vista=Items | Editar: 300x229 scrollPropio vp= ext= scr= slotSeleccionado=True
EQUIP-RESP [grande-1920x1080-libdesplegada] 1920x1080 SizeClass=Extra idioma=es libreriaPlegada=False vista=Items | Editar: textos recortados=0  | subtitulo='Loadout 1 - armadura/accesorios  ú slot  0 úÿCabeza' (234x31,9) numeroSlotVisible=True
EQUIP-RESP [grande-1920x1080-libdesplegada] 1920x1080 SizeClass=Extra idioma=es libreriaPlegada=False vista=Items | hueco maximo entre rejillas de subvista=28px (umbral 40px)
EQUIP-RESP [grande-1920x1080-libdesplegada] 1920x1080 SizeClass=Extra idioma=es libreriaPlegada=False vista=Items | usoAnchoFila=93 % subvistasVisibles=3 ladoALado=True
EQUIP-RESP [grande-1920x1080-libdesplegada] 1920x1080 SizeClass=Extra idioma=es libreriaPlegada=False vista=Items | 3 subvistas a la vez: selector entero=3/3, columnas resaltadas=1 (Items), SelectedKind=Items -> coherente=True
EQUIP-RESP [grande-1920x1080-libdesplegada] 1920x1080 SizeClass=Extra idioma=es libreriaPlegada=False vista=Items | columnas fila=142/1103,8/142 | celdas: miscEquips=56px miscDyes=56px loadout0Dyes=64,8px loadout0Social=64,8px loadout0Items=64,8px coins=56px ammo=56px | Editar=300x229
EQUIP-RESP [grande-1920x1080-libdesplegada] 1920x1080 SizeClass=Extra idioma=es libreriaPlegada=False vista=Items | captura -> C:\Users\adrian\Downloads\Keep\Terrasavr-Win\Terrasavr-Native\Terrakeep.App.Tests\bin\Release\net10.0-windows\keepqa-evidencia\responsive-faseB\equip-actual-grande-1920x1080-libdesplegada.png
EQUIP-RESP [maximizado-libdesplegada] 2576x1408 SizeClass=Extra idioma=es libreriaPlegada=False vista=Items | pagina vp=393,9 ext=392,9 scr=0 ancho=2067,8 | scrollAnidadosV=0 (con barra visible=0): ninguno
EQUIP-RESP [maximizado-libdesplegada] 2576x1408 SizeClass=Extra idioma=es libreriaPlegada=False vista=Items | elementos=84 clipH=0 (peor 0px) clipV-perdido=0 clipV-soloScrollAnidado=0 (peor 0px) bajoPliegueDelOwnerPrincipal=0 
EQUIP-RESP [maximizado-libdesplegada] 2576x1408 SizeClass=Extra idioma=es libreriaPlegada=False vista=Items | selector Vista: 3/3 presentes, 3 enteros sin desplazar (Armadura/Vanidad/Tintes) | Loadout: 3/3 | nav 1/2/3: 3/3
EQUIP-RESP [maximizado-libdesplegada] 2576x1408 SizeClass=Extra idioma=es libreriaPlegada=False vista=Items | Editar: 300x229 scrollPropio vp= ext= scr= slotSeleccionado=True
EQUIP-RESP [maximizado-libdesplegada] 2576x1408 SizeClass=Extra idioma=es libreriaPlegada=False vista=Items | Editar: textos recortados=0  | subtitulo='Loadout 1 - armadura/accesorios  ú slot  0 úÿCabeza' (234x31,9) numeroSlotVisible=True
EQUIP-RESP [maximizado-libdesplegada] 2576x1408 SizeClass=Extra idioma=es libreriaPlegada=False vista=Items | hueco maximo entre rejillas de subvista=28px (umbral 40px)
EQUIP-RESP [maximizado-libdesplegada] 2576x1408 SizeClass=Extra idioma=es libreriaPlegada=False vista=Items | usoAnchoFila=68 % subvistasVisibles=3 ladoALado=True
EQUIP-RESP [maximizado-libdesplegada] 2576x1408 SizeClass=Extra idioma=es libreriaPlegada=False vista=Items | 3 subvistas a la vez: selector entero=3/3, columnas resaltadas=1 (Items), SelectedKind=Items -> coherente=True
EQUIP-RESP [maximizado-libdesplegada] 2576x1408 SizeClass=Extra idioma=es libreriaPlegada=False vista=Items | columnas fila=142/1759,8/142 | celdas: miscEquips=56px miscDyes=56px loadout0Dyes=72px loadout0Social=72px loadout0Items=72px coins=56px ammo=56px | Editar=300x229
EQUIP-RESP [maximizado-libdesplegada] 2576x1408 SizeClass=Extra idioma=es libreriaPlegada=False vista=Items | captura -> C:\Users\adrian\Downloads\Keep\Terrasavr-Win\Terrasavr-Native\Terrakeep.App.Tests\bin\Release\net10.0-windows\keepqa-evidencia\responsive-faseB\equip-actual-maximizado-libdesplegada.png
EQUIP-RESP SUBVISTA->EDITAR: vista=Social -> Editar en el slot 2 de la subvista visible (esperado 2)
EQUIP-RESP SUBVISTA->EDITAR: vista=Dyes -> Editar en el slot 2 de la subvista visible (esperado 2)
EQUIP-RESP SUBVISTA->EDITAR: vista=Items -> Editar en el slot 2 de la subvista visible (esperado 2)
EQUIP-RESP [min-1080x700-vanidad] 1080x700 SizeClass=Compacto idioma=es libreriaPlegada=True vista=Social | pagina vp=455,1 ext=390,3 scr=0 ancho=648 | scrollAnidadosV=0 (con barra visible=0): ninguno
EQUIP-RESP [min-1080x700-vanidad] 1080x700 SizeClass=Compacto idioma=es libreriaPlegada=True vista=Social | elementos=56 clipH=0 (peor 0px) clipV-perdido=0 clipV-soloScrollAnidado=0 (peor 0px) bajoPliegueDelOwnerPrincipal=0 
EQUIP-RESP [min-1080x700-vanidad] 1080x700 SizeClass=Compacto idioma=es libreriaPlegada=True vista=Social | selector Vista: 3/3 presentes, 3 enteros sin desplazar (Armadura/Vanidad/Tintes) | Loadout: 3/3 | nav 1/2/3: 3/3
EQUIP-RESP [min-1080x700-vanidad] 1080x700 SizeClass=Compacto idioma=es libreriaPlegada=True vista=Social | Editar: 300x208,5 scrollPropio vp= ext= scr= slotSeleccionado=True
EQUIP-RESP [min-1080x700-vanidad] 1080x700 SizeClass=Compacto idioma=es libreriaPlegada=True vista=Social | Editar: textos recortados=0  | subtitulo='Loadout 1 - vanidad  ú slot  0 úÿCabeza' (234x14,6) numeroSlotVisible=True
EQUIP-RESP [min-1080x700-vanidad] 1080x700 SizeClass=Compacto idioma=es libreriaPlegada=True vista=Social | usoAnchoFila=93 % subvistasVisibles=1 ladoALado=False
EQUIP-RESP [min-1080x700-vanidad] 1080x700 SizeClass=Compacto idioma=es libreriaPlegada=True vista=Social | columnas fila=142/340/142 | celdas: miscEquips=56px miscDyes=56px loadout0Social=58,8px coins=56px ammo=56px | Editar=300x208,5
EQUIP-RESP [min-1080x700-vanidad] 1080x700 SizeClass=Compacto idioma=es libreriaPlegada=True vista=Social | captura -> C:\Users\adrian\Downloads\Keep\Terrasavr-Win\Terrasavr-Native\Terrakeep.App.Tests\bin\Release\net10.0-windows\keepqa-evidencia\responsive-faseB\equip-actual-min-1080x700-vanidad.png
EQUIP-RESP [min-1080x700-tintes] 1080x700 SizeClass=Compacto idioma=es libreriaPlegada=True vista=Dyes | pagina vp=455,1 ext=390,3 scr=0 ancho=648 | scrollAnidadosV=0 (con barra visible=0): ninguno
EQUIP-RESP [min-1080x700-tintes] 1080x700 SizeClass=Compacto idioma=es libreriaPlegada=True vista=Dyes | elementos=56 clipH=0 (peor 0px) clipV-perdido=0 clipV-soloScrollAnidado=0 (peor 0px) bajoPliegueDelOwnerPrincipal=0 
EQUIP-RESP [min-1080x700-tintes] 1080x700 SizeClass=Compacto idioma=es libreriaPlegada=True vista=Dyes | selector Vista: 3/3 presentes, 3 enteros sin desplazar (Armadura/Vanidad/Tintes) | Loadout: 3/3 | nav 1/2/3: 3/3
EQUIP-RESP [min-1080x700-tintes] 1080x700 SizeClass=Compacto idioma=es libreriaPlegada=True vista=Dyes | Editar: 300x155,8 scrollPropio vp= ext= scr= slotSeleccionado=True
EQUIP-RESP [min-1080x700-tintes] 1080x700 SizeClass=Compacto idioma=es libreriaPlegada=True vista=Dyes | Editar: textos recortados=0  | subtitulo='' (x) numeroSlotVisible=True
EQUIP-RESP [min-1080x700-tintes] 1080x700 SizeClass=Compacto idioma=es libreriaPlegada=True vista=Dyes | usoAnchoFila=93 % subvistasVisibles=1 ladoALado=False
EQUIP-RESP [min-1080x700-tintes] 1080x700 SizeClass=Compacto idioma=es libreriaPlegada=True vista=Dyes | columnas fila=142/340/142 | celdas: miscEquips=56px miscDyes=56px loadout0Dyes=58,8px coins=56px ammo=56px | Editar=300x155,8
EQUIP-RESP [min-1080x700-tintes] 1080x700 SizeClass=Compacto idioma=es libreriaPlegada=True vista=Dyes | captura -> C:\Users\adrian\Downloads\Keep\Terrasavr-Win\Terrasavr-Native\Terrakeep.App.Tests\bin\Release\net10.0-windows\keepqa-evidencia\responsive-faseB\equip-actual-min-1080x700-tintes.png
EQUIP-RESP [min-1080x700-EN-libdesplegada] 1080x700 SizeClass=Compacto idioma=en libreriaPlegada=False vista=Items | pagina vp=293,6 ext=373,3 scr=79,6 ancho=631 | scrollAnidadosV=0 (con barra visible=0): ninguno
EQUIP-RESP [min-1080x700-EN-libdesplegada] 1080x700 SizeClass=Compacto idioma=en libreriaPlegada=False vista=Items | elementos=63 clipH=0 (peor 0px) clipV-perdido=0 clipV-soloScrollAnidado=0 (peor 0px) bajoPliegueDelOwnerPrincipal=8 
EQUIP-RESP [min-1080x700-EN-libdesplegada] 1080x700 SizeClass=Compacto idioma=en libreriaPlegada=False vista=Items | selector Vista: 3/3 presentes, 3 enteros sin desplazar (Armor/Vanity/Dyes) | Loadout: 3/3 | nav 1/2/3: 3/3
EQUIP-RESP [min-1080x700-EN-libdesplegada] 1080x700 SizeClass=Compacto idioma=en libreriaPlegada=False vista=Items | Editar: 300x208,5 scrollPropio vp= ext= scr= slotSeleccionado=True
EQUIP-RESP [min-1080x700-EN-libdesplegada] 1080x700 SizeClass=Compacto idioma=en libreriaPlegada=False vista=Items | Editar: textos recortados=0  | subtitulo='Loadout 1 - armor/accessories  ú slot  0 úÿHead' (234x14,6) numeroSlotVisible=True
EQUIP-RESP [min-1080x700-EN-libdesplegada] 1080x700 SizeClass=Compacto idioma=en libreriaPlegada=False vista=Items | usoAnchoFila=95 % subvistasVisibles=1 ladoALado=False
EQUIP-RESP [min-1080x700-EN-libdesplegada] 1080x700 SizeClass=Compacto idioma=en libreriaPlegada=False vista=Items | columnas fila=144,8/316,4/145,8 | celdas: miscEquips=55,5px miscDyes=55,5px loadout0Items=57,1px coins=56px ammo=56px | Editar=300x208,5
EQUIP-RESP [min-1080x700-EN-libdesplegada] 1080x700 SizeClass=Compacto idioma=en libreriaPlegada=False vista=Items | captura -> C:\Users\adrian\Downloads\Keep\Terrasavr-Win\Terrasavr-Native\Terrakeep.App.Tests\bin\Release\net10.0-windows\keepqa-evidencia\responsive-faseB\equip-actual-min-1080x700-EN-libdesplegada.png
EQUIP-RESP IDIOMA: IsDirty tras cambiar de idioma en vivo = False (esperado False)
EQUIP-RESP IDIOMA EN VIVO es->en: 'Monedas (4/4)'->'Coins (4/4)', 'Munici¢n (4/4)'->'Ammo (4/4)', subtitulo Editar 'Loadout 1 - armadura/accesorios'->'Loadout 1 - armor/accessories' -> ok=True
EQUIP-RESP [min-1080x700-EN-envivo] 1080x700 SizeClass=Compacto idioma=en libreriaPlegada=False vista=Items | pagina vp=293,6 ext=373,3 scr=79,6 ancho=631 | scrollAnidadosV=0 (con barra visible=0): ninguno
EQUIP-RESP [min-1080x700-EN-envivo] 1080x700 SizeClass=Compacto idioma=en libreriaPlegada=False vista=Items | elementos=63 clipH=0 (peor 0px) clipV-perdido=0 clipV-soloScrollAnidado=0 (peor 0px) bajoPliegueDelOwnerPrincipal=8 
EQUIP-RESP [min-1080x700-EN-envivo] 1080x700 SizeClass=Compacto idioma=en libreriaPlegada=False vista=Items | selector Vista: 3/3 presentes, 3 enteros sin desplazar (Armor/Vanity/Dyes) | Loadout: 3/3 | nav 1/2/3: 3/3
EQUIP-RESP [min-1080x700-EN-envivo] 1080x700 SizeClass=Compacto idioma=en libreriaPlegada=False vista=Items | Editar: 300x208,5 scrollPropio vp= ext= scr= slotSeleccionado=True
EQUIP-RESP [min-1080x700-EN-envivo] 1080x700 SizeClass=Compacto idioma=en libreriaPlegada=False vista=Items | Editar: textos recortados=0  | subtitulo='Loadout 1 - armor/accessories  ú slot  0 úÿHead' (234x14,6) numeroSlotVisible=True
EQUIP-RESP [min-1080x700-EN-envivo] 1080x700 SizeClass=Compacto idioma=en libreriaPlegada=False vista=Items | usoAnchoFila=95 % subvistasVisibles=1 ladoALado=False
EQUIP-RESP [min-1080x700-EN-envivo] 1080x700 SizeClass=Compacto idioma=en libreriaPlegada=False vista=Items | columnas fila=144,8/316,4/145,8 | celdas: miscEquips=55,5px miscDyes=55,5px loadout0Items=57,1px coins=56px ammo=56px | Editar=300x208,5
EQUIP-RESP [min-1080x700-EN-envivo] 1080x700 SizeClass=Compacto idioma=en libreriaPlegada=False vista=Items | captura -> C:\Users\adrian\Downloads\Keep\Terrasavr-Win\Terrasavr-Native\Terrakeep.App.Tests\bin\Release\net10.0-windows\keepqa-evidencia\responsive-faseB\equip-actual-min-1080x700-EN-envivo.png
EQUIP-RESP IDIOMA FRIO en: 'Coins (4/4)', 'Ammo (4/4)', 'Loadout 1 - armor/accessories' -> ok=True
EQUIP-RESP IDIOMA en->es en vivo: 'Monedas (4/4)', 'Loadout 1 - armadura/accesorios' -> ok=True
EQUIP-RESP RESIZE grande 1920x1080: mismoVM=True subpagina=0 vista=Social loadout=2 slotEditar=igual libreriaPlegada=False busqueda='sword'
EQUIP-RESP [resize-grande] 1920x1080 SizeClass=Extra idioma=es libreriaPlegada=False vista=Social | pagina vp=393,9 ext=392,9 scr=0 ancho=1411,8 | scrollAnidadosV=0 (con barra visible=0): ninguno
EQUIP-RESP [resize-grande] 1920x1080 SizeClass=Extra idioma=es libreriaPlegada=False vista=Social | elementos=79 clipH=0 (peor 0px) clipV-perdido=0 clipV-soloScrollAnidado=0 (peor 0px) bajoPliegueDelOwnerPrincipal=0 
EQUIP-RESP [resize-grande] 1920x1080 SizeClass=Extra idioma=es libreriaPlegada=False vista=Social | selector Vista: 3/3 presentes, 3 enteros sin desplazar (Armadura/Vanidad/Tintes) | Loadout: 3/3 | nav 1/2/3: 3/3
EQUIP-RESP [resize-grande] 1920x1080 SizeClass=Extra idioma=es libreriaPlegada=False vista=Social | Editar: 300x162,4 scrollPropio vp= ext= scr= slotSeleccionado=True
EQUIP-RESP [resize-grande] 1920x1080 SizeClass=Extra idioma=es libreriaPlegada=False vista=Social | Editar: textos recortados=0  | subtitulo='' (x) numeroSlotVisible=True
EQUIP-RESP [resize-grande] 1920x1080 SizeClass=Extra idioma=es libreriaPlegada=False vista=Social | hueco maximo entre rejillas de subvista=28px (umbral 40px)
EQUIP-RESP [resize-grande] 1920x1080 SizeClass=Extra idioma=es libreriaPlegada=False vista=Social | usoAnchoFila=93 % subvistasVisibles=3 ladoALado=True
EQUIP-RESP [resize-grande] 1920x1080 SizeClass=Extra idioma=es libreriaPlegada=False vista=Social | 3 subvistas a la vez: selector entero=3/3, columnas resaltadas=1 (Social), SelectedKind=Social -> coherente=True
EQUIP-RESP [resize-grande] 1920x1080 SizeClass=Extra idioma=es libreriaPlegada=False vista=Social | columnas fila=142/1103,8/142 | celdas: miscEquips=56px miscDyes=56px loadout2Dyes=64,8px loadout2Social=64,8px loadout2Items=64,8px coins=56px ammo=56px | Editar=300x162,4
EQUIP-RESP [resize-grande] 1920x1080 SizeClass=Extra idioma=es libreriaPlegada=False vista=Social | captura -> C:\Users\adrian\Downloads\Keep\Terrasavr-Win\Terrasavr-Native\Terrakeep.App.Tests\bin\Release\net10.0-windows\keepqa-evidencia\responsive-faseB\equip-actual-resize-grande.png
EQUIP-RESP RESIZE normal 1366x768: mismoVM=True subpagina=0 vista=Social loadout=2 slotEditar=igual libreriaPlegada=False busqueda='sword'
EQUIP-RESP [resize-normal] 1366x768 SizeClass=Normal idioma=es libreriaPlegada=False vista=Social | pagina vp=334,4 ext=390,3 scr=55,8 ancho=840,8 | scrollAnidadosV=0 (con barra visible=0): ninguno
EQUIP-RESP [resize-normal] 1366x768 SizeClass=Normal idioma=es libreriaPlegada=False vista=Social | elementos=58 clipH=0 (peor 0px) clipV-perdido=0 clipV-soloScrollAnidado=0 (peor 0px) bajoPliegueDelOwnerPrincipal=2 
EQUIP-RESP [resize-normal] 1366x768 SizeClass=Normal idioma=es libreriaPlegada=False vista=Social | selector Vista: 3/3 presentes, 3 enteros sin desplazar (Armadura/Vanidad/Tintes) | Loadout: 3/3 | nav 1/2/3: 3/3
EQUIP-RESP [resize-normal] 1366x768 SizeClass=Normal idioma=es libreriaPlegada=False vista=Social | Editar: 300x155,8 scrollPropio vp= ext= scr= slotSeleccionado=True
EQUIP-RESP [resize-normal] 1366x768 SizeClass=Normal idioma=es libreriaPlegada=False vista=Social | Editar: textos recortados=0  | subtitulo='' (x) numeroSlotVisible=True
EQUIP-RESP [resize-normal] 1366x768 SizeClass=Normal idioma=es libreriaPlegada=False vista=Social | usoAnchoFila=79 % subvistasVisibles=1 ladoALado=False
EQUIP-RESP [resize-normal] 1366x768 SizeClass=Normal idioma=es libreriaPlegada=False vista=Social | columnas fila=142/532,8/142 | celdas: miscEquips=56px miscDyes=56px loadout2Social=72px coins=56px ammo=56px | Editar=300x155,8
EQUIP-RESP [resize-normal] 1366x768 SizeClass=Normal idioma=es libreriaPlegada=False vista=Social | captura -> C:\Users\adrian\Downloads\Keep\Terrasavr-Win\Terrasavr-Native\Terrakeep.App.Tests\bin\Release\net10.0-windows\keepqa-evidencia\responsive-faseB\equip-actual-resize-normal.png
EQUIP-RESP RESIZE minimo 1080x700: mismoVM=True subpagina=0 vista=Social loadout=2 slotEditar=igual libreriaPlegada=False busqueda='sword'
EQUIP-RESP [resize-minimo] 1080x700 SizeClass=Compacto idioma=es libreriaPlegada=False vista=Social | pagina vp=293,6 ext=387,9 scr=94,3 ancho=631 | scrollAnidadosV=0 (con barra visible=0): ninguno
EQUIP-RESP [resize-minimo] 1080x700 SizeClass=Compacto idioma=es libreriaPlegada=False vista=Social | elementos=58 clipH=0 (peor 0px) clipV-perdido=0 clipV-soloScrollAnidado=0 (peor 0px) bajoPliegueDelOwnerPrincipal=8 
EQUIP-RESP [resize-minimo] 1080x700 SizeClass=Compacto idioma=es libreriaPlegada=False vista=Social | selector Vista: 3/3 presentes, 3 enteros sin desplazar (Armadura/Vanidad/Tintes) | Loadout: 3/3 | nav 1/2/3: 3/3
EQUIP-RESP [resize-minimo] 1080x700 SizeClass=Compacto idioma=es libreriaPlegada=False vista=Social | Editar: 300x155,8 scrollPropio vp= ext= scr= slotSeleccionado=True
EQUIP-RESP [resize-minimo] 1080x700 SizeClass=Compacto idioma=es libreriaPlegada=False vista=Social | Editar: textos recortados=0  | subtitulo='' (x) numeroSlotVisible=True
EQUIP-RESP [resize-minimo] 1080x700 SizeClass=Compacto idioma=es libreriaPlegada=False vista=Social | usoAnchoFila=94 % subvistasVisibles=1 ladoALado=False
EQUIP-RESP [resize-minimo] 1080x700 SizeClass=Compacto idioma=es libreriaPlegada=False vista=Social | columnas fila=141,1/323,9/142 | celdas: miscEquips=55,5px miscDyes=55,5px loadout2Social=57,1px coins=56px ammo=56px | Editar=300x155,8
EQUIP-RESP [resize-minimo] 1080x700 SizeClass=Compacto idioma=es libreriaPlegada=False vista=Social | captura -> C:\Users\adrian\Downloads\Keep\Terrasavr-Win\Terrasavr-Native\Terrakeep.App.Tests\bin\Release\net10.0-windows\keepqa-evidencia\responsive-faseB\equip-actual-resize-minimo.png
EQUIP-RESP RESIZE grande-vuelta 1920x1080: mismoVM=True subpagina=0 vista=Social loadout=2 slotEditar=igual libreriaPlegada=False busqueda='sword'
EQUIP-RESP [resize-grande-vuelta] 1920x1080 SizeClass=Extra idioma=es libreriaPlegada=False vista=Social | pagina vp=393,9 ext=392,9 scr=0 ancho=1411,8 | scrollAnidadosV=0 (con barra visible=0): ninguno
EQUIP-RESP [resize-grande-vuelta] 1920x1080 SizeClass=Extra idioma=es libreriaPlegada=False vista=Social | elementos=79 clipH=0 (peor 0px) clipV-perdido=0 clipV-soloScrollAnidado=0 (peor 0px) bajoPliegueDelOwnerPrincipal=0 
EQUIP-RESP [resize-grande-vuelta] 1920x1080 SizeClass=Extra idioma=es libreriaPlegada=False vista=Social | selector Vista: 3/3 presentes, 3 enteros sin desplazar (Armadura/Vanidad/Tintes) | Loadout: 3/3 | nav 1/2/3: 3/3
EQUIP-RESP [resize-grande-vuelta] 1920x1080 SizeClass=Extra idioma=es libreriaPlegada=False vista=Social | Editar: 300x162,4 scrollPropio vp= ext= scr= slotSeleccionado=True
EQUIP-RESP [resize-grande-vuelta] 1920x1080 SizeClass=Extra idioma=es libreriaPlegada=False vista=Social | Editar: textos recortados=0  | subtitulo='' (x) numeroSlotVisible=True
EQUIP-RESP [resize-grande-vuelta] 1920x1080 SizeClass=Extra idioma=es libreriaPlegada=False vista=Social | hueco maximo entre rejillas de subvista=28px (umbral 40px)
EQUIP-RESP [resize-grande-vuelta] 1920x1080 SizeClass=Extra idioma=es libreriaPlegada=False vista=Social | usoAnchoFila=93 % subvistasVisibles=3 ladoALado=True
EQUIP-RESP [resize-grande-vuelta] 1920x1080 SizeClass=Extra idioma=es libreriaPlegada=False vista=Social | 3 subvistas a la vez: selector entero=3/3, columnas resaltadas=1 (Social), SelectedKind=Social -> coherente=True
EQUIP-RESP [resize-grande-vuelta] 1920x1080 SizeClass=Extra idioma=es libreriaPlegada=False vista=Social | columnas fila=142/1103,8/142 | celdas: miscEquips=56px miscDyes=56px loadout2Dyes=64,8px loadout2Social=64,8px loadout2Items=64,8px coins=56px ammo=56px | Editar=300x162,4
EQUIP-RESP [resize-grande-vuelta] 1920x1080 SizeClass=Extra idioma=es libreriaPlegada=False vista=Social | captura -> C:\Users\adrian\Downloads\Keep\Terrasavr-Win\Terrasavr-Native\Terrakeep.App.Tests\bin\Release\net10.0-windows\keepqa-evidencia\responsive-faseB\equip-actual-resize-grande-vuelta.png
EQUIP-RESP VIEJO: ScrollViewer con MaxHeight dentro de Equipamiento = 0 (esperado 0, antes 1 con MaxHeight=112)
EQUIP-RESP VIEJO: ScrollViewer en el arbol de Equipamiento (visibles o no) = 0 (esperado 0, antes 5 niveles: fila, lateral, cabecera, centro y el de ContainerCompactTemplate)
EQUIP-RESP COHERENCIA 1920: clic en Vanidad -> SelectedKind=Social, foco de teclado en la columna Vanidad=True
EQUIP-RESP COHERENCIA 1920: seleccionar un slot de Tintes -> SelectedKind=Dyes (esperado Dyes)
EQUIP-RESP [grande-1920x1080-coherencia-tintes] 1920x1080 SizeClass=Extra idioma=es libreriaPlegada=False vista=Dyes | pagina vp=393,9 ext=392,9 scr=0 ancho=1411,8 | scrollAnidadosV=0 (con barra visible=0): ninguno
EQUIP-RESP [grande-1920x1080-coherencia-tintes] 1920x1080 SizeClass=Extra idioma=es libreriaPlegada=False vista=Dyes | elementos=84 clipH=0 (peor 0px) clipV-perdido=0 clipV-soloScrollAnidado=0 (peor 0px) bajoPliegueDelOwnerPrincipal=0 
EQUIP-RESP [grande-1920x1080-coherencia-tintes] 1920x1080 SizeClass=Extra idioma=es libreriaPlegada=False vista=Dyes | selector Vista: 3/3 presentes, 3 enteros sin desplazar (Armadura/Vanidad/Tintes) | Loadout: 3/3 | nav 1/2/3: 3/3
EQUIP-RESP [grande-1920x1080-coherencia-tintes] 1920x1080 SizeClass=Extra idioma=es libreriaPlegada=False vista=Dyes | Editar: 300x162,4 scrollPropio vp= ext= scr= slotSeleccionado=True
EQUIP-RESP [grande-1920x1080-coherencia-tintes] 1920x1080 SizeClass=Extra idioma=es libreriaPlegada=False vista=Dyes | Editar: textos recortados=0  | subtitulo='' (x) numeroSlotVisible=True
EQUIP-RESP [grande-1920x1080-coherencia-tintes] 1920x1080 SizeClass=Extra idioma=es libreriaPlegada=False vista=Dyes | hueco maximo entre rejillas de subvista=28px (umbral 40px)
EQUIP-RESP [grande-1920x1080-coherencia-tintes] 1920x1080 SizeClass=Extra idioma=es libreriaPlegada=False vista=Dyes | usoAnchoFila=93 % subvistasVisibles=3 ladoALado=True
EQUIP-RESP [grande-1920x1080-coherencia-tintes] 1920x1080 SizeClass=Extra idioma=es libreriaPlegada=False vista=Dyes | 3 subvistas a la vez: selector entero=3/3, columnas resaltadas=1 (Dyes), SelectedKind=Dyes -> coherente=True
EQUIP-RESP [grande-1920x1080-coherencia-tintes] 1920x1080 SizeClass=Extra idioma=es libreriaPlegada=False vista=Dyes | columnas fila=142/1103,8/142 | celdas: miscEquips=56px miscDyes=56px loadout0Dyes=64,8px loadout0Social=64,8px loadout0Items=64,8px coins=56px ammo=56px | Editar=300x162,4
EQUIP-RESP [grande-1920x1080-coherencia-tintes] 1920x1080 SizeClass=Extra idioma=es libreriaPlegada=False vista=Dyes | captura -> C:\Users\adrian\Downloads\Keep\Terrasavr-Win\Terrasavr-Native\Terrakeep.App.Tests\bin\Release\net10.0-windows\keepqa-evidencia\responsive-faseB\equip-actual-grande-1920x1080-coherencia-tintes.png
EQUIP-RESP VIEJO: MainViewModel.IsEquipmentExpanded existe = False (esperado False)
EQUIP_RESPONSIVE_SOLO: 0 fallo(s)
DONE (EQUIP_RESPONSIVE_SOLO)
CAPTURAS-VALIDACION: 20 captura(s) de esta ejecucion revisadas, 20 con contenido real, 0 INCONCLUSIVE (en blanco)
AISLAMIENTO-ESTADO: los 4 JSON reales de C:\Users\adrian\AppData\Local\Terrakeep siguen con el MISMO SHA256 que al arrancar (ProcessExit); escrituras bloqueadas por la guarda=0
