SESION-ESTADO: sesion 1 WTSConnectState=WTSActive SM_REMOTESESSION=0 SM_CMONITORS=1 UserInteractive=True; Switch.System.Windows.Media.ShouldRenderEvenWhenNoDisplayDevicesAreAvailable=True
RENDER-SONDA: OK - 64/64 pixeles pintados
AISLAMIENTO: 12 .plr/.tplr y 11 .wld/.twld reales COPIADOS a C:\Users\adrian\AppData\Local\Temp\TerrakeepArnes-373816; carpetas reales de personajes y mundos sustituidas; carpeta de estado redirigida a C:\Users\adrian\AppData\Local\Temp\TerrakeepArnes-373816\estado-app (5 fichero(s) de estado copiados como siembra; los reales no se escriben).
T12-RENDER: local sin RDP -> ShouldForceSoftwareRendering()=True (esperado False en esta maquina)
T12-RENDER: con TERRAKEEP_FORCE_SOFTWARE_RENDER=1 -> ShouldForceSoftwareRendering()=True (esperado True)
T-G-ARRANQUE: new MainWindow() (CharacterFileService + MainViewModel + XAML) tardo 757ms
T-G-ASYNC: IsScanning justo tras new MainWindow() (antes de cualquier DoEvents)=True (esperado True - el escaneo real corre en segundo plano, no bloquea la construccion de la ventana)
T3-RESTAURADO: Left=674 Top=243 Width=1476 Height=1081
ARNES-TAMA¥O-BASE: Width=1180 Height=860 (fijado aqui para que el resto del arnes no dependa del tama¤o heredado de window.json)
HOME-SCAN: 6 personaje(s) encontrado(s) en la carpeta AISLADA del arnes (copias de los .plr reales en C:\Users\adrian\AppData\Local\Temp\TerrakeepArnes-373816, nunca los originales)
  - Eldelgas | N£cleo medio | Vanilla=False tModLoader=True Calamity=True | mods='Mods usados la £ltima vez: CalamityModMusic, CalamityMod, CalamityModEsp, HEROsMod, KeepQAFpsProbe, TerrakeepMod, TModLoaderMod' | 28/09/2026 12:22
  - Zenith | Cl sico | Vanilla=False tModLoader=True Calamity=True | mods='Mods usados la £ltima vez: CalamityModMusic, CalamityMod, CalamityModEsp, HEROsMod, KeepQAFpsProbe, TerrakeepMod, TModLoaderMod' | 26/09/2026 11:19
  - Terrariano | Cl sico | Vanilla=True tModLoader=False Calamity=False | mods='Personaje de tModLoader: tiene un archivo .tplr con datos de mods al lado' | 22/09/2026 02:26
  - Eldelgas | Cl sico | Vanilla=True tModLoader=False Calamity=False | mods='Personaje de tModLoader: tiene un archivo .tplr con datos de mods al lado' | 20/09/2026 16:44
  - adrian | Viaje | Vanilla=False tModLoader=True Calamity=True | mods='Mods usados la £ltima vez: CalamityModMusic, CalamityMod, CalamityModEsp, HEROsMod, KeepQAFpsProbe, TerrakeepMod, TModLoaderMod' | 16/09/2026 08:01
  - adrian | Viaje | Vanilla=False tModLoader=True Calamity=True | mods='Mods usados la £ltima vez: CalamityModMusic, CalamityMod, CalamityModEsp' | 29/08/2026 00:21
INSIGNIAS-TMOD-SIN-CALAMITY: Vanilla=False tModLoader=True Calamity=False tooltip='Mods usados la £ltima vez: HEROsMod' (esperado False/True/False)
  Captura -> C:\Users\adrian\Downloads\Keep\Terrasavr-Win\Terrasavr-Native\Terrakeep.App.Tests\bin\Release\net10.0-windows\inicio-lanzador.png
HOME-OPEN: click en 'Eldelgas' -> SelectedTabIndex=1 (esperado 1), CharacterName=Eldelgas, IsCharacterLoaded=True
I-a IsCurrent tras abrir 'Eldelgas'=True (esperado True)
A9-13-IDIOMA: Inicio en espa¤ol -> TextBlock encontrado=True, contiene 'Aplicaci¢n nativa de Windows'=True (esperado True en los dos)
A9-13-IDIOMA: tras cambiar a ingles EN VIVO (mismo TextBlock, sin reiniciar) -> contiene 'Native Windows app'=True (esperado True)
A9-13-IDIOMA: vuelta a espa¤ol -> contiene 'Aplicaci¢n nativa de Windows'=True (esperado True)
I-b: 4 item(s) de menu, comandos sin resolver= (esperado ninguno)
H5-04-HISTORIAL: MenuItem 'Historial de versiones' presente=True, comando resuelto=True (esperado True, True)
H6-01-DOLL: copia aislada del personaje real 'Eldelgas' (C:\Users\adrian\AppData\Local\Temp\TerrakeepArnes-373816\tModLoader\Players\Eldelgas.plr), IsMale=True, HairStyle=20, pixeles opacos=1480/2240 (esperado > 700)
Captura doll con brazos, copia aislada del personaje real -> h6-doll-personaje-real.png
MEDICION-PERSONAJE: 17ms
LOAD: OK - Cargado 'UIA-Test' - personaje 100% vanilla (sin .tplr).
BUILDCODE-CANEXECUTE: tras cargar personaje (sin ningun evento de entrada real de por medio) -> BuildCodeButton.IsEnabled=True (esperado True, IsCharacterLoaded=True)
BUILDCODE-CANEXECUTE: captura real -> C:\Users\adrian\Downloads\Keep\Terrasavr-Win\Terrasavr-Native\Terrakeep.App.Tests\bin\Release\net10.0-windows\buildcode-boton-activado-tras-cargar.png
INVALM AISLAMIENTO: abierto por ruta la COPIA 'C:\Users\adrian\AppData\Local\Temp\TerrakeepArnes-373816\canario-invalm\tModLoader\Players\Eldelgas.plr' (origen: la copia aislada 'C:\Users\adrian\AppData\Local\Temp\TerrakeepArnes-373816\tModLoader\Players\Eldelgas.plr')
INVALM COLECCIONES LLENAS (s23): Inventario 50/50; Banco (40/40); Caja fuerte (40/40); Fragua del Defensor (40/40); B¢veda del Vac¡o (40/40)
INVALM [inv-primera-entrada-1080x700-libdesplegada] Inventario 1080x700 SizeClass=Compacto idioma=es libreriaPlegada=False compacto=False contenedor='Inventario (50/50)' | pagina vp=297 ext=297 scr=0 ancho=648 | scrollAnidadosV=0: ninguno
INVALM [inv-primera-entrada-1080x700-libdesplegada] Inventario 1080x700 SizeClass=Compacto idioma=es libreriaPlegada=False compacto=False contenedor='Inventario (50/50)' | rejilla 50 celdas de 40,2px (MinCell=40 MaxCell=90 cols=10) | enteras sin desplazar=50/50 | ancho rejilla 438px de 648px (68 %)
INVALM [inv-primera-entrada-1080x700-libdesplegada] Inventario 1080x700 SizeClass=Compacto idioma=es libreriaPlegada=False compacto=False contenedor='Inventario (50/50)' | marco 628,3x263 (rejilla 438 de ancho) | banda vacia bajo el marco dentro de la pagina=0px | fila Libreria=197,8px | celda en MaxCell=False
INVALM [inv-primera-entrada-1080x700-libdesplegada] Inventario 1080x700 SizeClass=Compacto idioma=es libreriaPlegada=False compacto=False contenedor='Inventario (50/50)' | elementos=79 clipH=0 (peor 0px) clipV-perdido=0 clipV-soloScrollAnidado=0 (peor 0px) bajoPliegueDelOwnerPrincipal=0 
INVALM [inv-primera-entrada-1080x700-libdesplegada] Inventario 1080x700 SizeClass=Compacto idioma=es libreriaPlegada=False compacto=False contenedor='Inventario (50/50)' | estructura: botones/pildoras 6/6 enteros sin desplazar (Guardar conjunto..., Cargar..., A¤adir..., Mover todo al almac‚n, Ordenar, Vaciar contenedor) | nav de pagina 3/3
INVALM [inv-primera-entrada-1080x700-libdesplegada] Inventario 1080x700 SizeClass=Compacto idioma=es libreriaPlegada=False compacto=False contenedor='Inventario (50/50)' | Editar: 300x239,8 scrollPropio vp= ext= scr= slot=Inventario#0 | estrella favorito '?' 22,2x22 en (945,7,155,3) entera=True
INVALM [inv-primera-entrada-1080x700-libdesplegada] Inventario 1080x700 SizeClass=Compacto idioma=es libreriaPlegada=False compacto=False contenedor='Inventario (50/50)' | captura -> C:\Users\adrian\Downloads\Keep\Terrasavr-Win\Terrasavr-Native\Terrakeep.App.Tests\bin\Release\net10.0-windows\keepqa-evidencia\responsive-faseC\invalm-actual-inv-primera-entrada-1080x700-libdesplegada.png
INVALM [alm-primera-entrada-1080x700-libdesplegada] Almacenes 1080x700 SizeClass=Compacto idioma=es libreriaPlegada=False compacto=False contenedor='Banco (40/40)' | pagina vp=293,6 ext=293,6 scr=0 ancho=648 | scrollAnidadosV=0: ninguno
INVALM [alm-primera-entrada-1080x700-libdesplegada] Almacenes 1080x700 SizeClass=Compacto idioma=es libreriaPlegada=False compacto=False contenedor='Banco (40/40)' | rejilla 40 celdas de 43,3px (MinCell=40 MaxCell=90 cols=10) | enteras sin desplazar=40/40 | ancho rejilla 468,6px de 648px (72 %)
INVALM [alm-primera-entrada-1080x700-libdesplegada] Almacenes 1080x700 SizeClass=Compacto idioma=es libreriaPlegada=False compacto=False contenedor='Banco (40/40)' | marco 545,7x259,6 (rejilla 468,6 de ancho) | banda vacia bajo el marco dentro de la pagina=0px | fila Libreria=201,1px | celda en MaxCell=False
INVALM [alm-primera-entrada-1080x700-libdesplegada] Almacenes 1080x700 SizeClass=Compacto idioma=es libreriaPlegada=False compacto=False contenedor='Banco (40/40)' | elementos=71 clipH=0 (peor 0px) clipV-perdido=0 clipV-soloScrollAnidado=0 (peor 0px) bajoPliegueDelOwnerPrincipal=0 
INVALM [alm-primera-entrada-1080x700-libdesplegada] Almacenes 1080x700 SizeClass=Compacto idioma=es libreriaPlegada=False compacto=False contenedor='Banco (40/40)' | estructura: botones/pildoras 9/9 enteros sin desplazar (Banco (40/40), Caja fuerte (40/40), Fragua del Defensor (40/40), B¢veda del Vac¡o (40/40), Guardar conjunto..., Cargar..., A¤adir..., Ordenar, Vaciar contenedor) | nav de pagina 3/3
INVALM [alm-primera-entrada-1080x700-libdesplegada] Almacenes 1080x700 SizeClass=Compacto idioma=es libreriaPlegada=False compacto=False contenedor='Banco (40/40)' | Editar: 300x208,5 scrollPropio vp= ext= scr= slot=Banco#0
INVALM [alm-primera-entrada-1080x700-libdesplegada] Almacenes 1080x700 SizeClass=Compacto idioma=es libreriaPlegada=False compacto=False contenedor='Banco (40/40)' | captura -> C:\Users\adrian\Downloads\Keep\Terrasavr-Win\Terrasavr-Native\Terrakeep.App.Tests\bin\Release\net10.0-windows\keepqa-evidencia\responsive-faseC\invalm-actual-alm-primera-entrada-1080x700-libdesplegada.png
INVALM [inv-min-1080x700-libplegada] Inventario 1080x700 SizeClass=Compacto idioma=es libreriaPlegada=True compacto=False contenedor='Inventario (50/50)' | pagina vp=455,1 ext=390 scr=0 ancho=648 | scrollAnidadosV=0: ninguno
INVALM [inv-min-1080x700-libplegada] Inventario 1080x700 SizeClass=Compacto idioma=es libreriaPlegada=True compacto=False contenedor='Inventario (50/50)' | rejilla 50 celdas de 58,8px (MinCell=40 MaxCell=90 cols=10) | enteras sin desplazar=50/50 | ancho rejilla 624px de 648px (96 %)
INVALM [inv-min-1080x700-libplegada] Inventario 1080x700 SizeClass=Compacto idioma=es libreriaPlegada=True compacto=False contenedor='Inventario (50/50)' | marco 648x356 (rejilla 624 de ancho) | banda vacia bajo el marco dentro de la pagina=65,2px | fila Libreria=39,6px | celda en MaxCell=False
INVALM [inv-min-1080x700-libplegada] Inventario 1080x700 SizeClass=Compacto idioma=es libreriaPlegada=True compacto=False contenedor='Inventario (50/50)' | elementos=79 clipH=0 (peor 0px) clipV-perdido=0 clipV-soloScrollAnidado=0 (peor 0px) bajoPliegueDelOwnerPrincipal=0 
INVALM [inv-min-1080x700-libplegada] Inventario 1080x700 SizeClass=Compacto idioma=es libreriaPlegada=True compacto=False contenedor='Inventario (50/50)' | estructura: botones/pildoras 6/6 enteros sin desplazar (Guardar conjunto..., Cargar..., A¤adir..., Mover todo al almac‚n, Ordenar, Vaciar contenedor) | nav de pagina 3/3
INVALM [inv-min-1080x700-libplegada] Inventario 1080x700 SizeClass=Compacto idioma=es libreriaPlegada=True compacto=False contenedor='Inventario (50/50)' | Editar: 300x239,8 scrollPropio vp= ext= scr= slot=Inventario#0 | estrella favorito '?' 22,2x22 en (945,7,155,3) entera=True
INVALM [inv-min-1080x700-libplegada] Inventario 1080x700 SizeClass=Compacto idioma=es libreriaPlegada=True compacto=False contenedor='Inventario (50/50)' | captura -> C:\Users\adrian\Downloads\Keep\Terrasavr-Win\Terrasavr-Native\Terrakeep.App.Tests\bin\Release\net10.0-windows\keepqa-evidencia\responsive-faseC\invalm-actual-inv-min-1080x700-libplegada.png
INVALM [alm-min-1080x700-libplegada] Almacenes 1080x700 SizeClass=Compacto idioma=es libreriaPlegada=True compacto=False contenedor='Banco (40/40)' | pagina vp=455,1 ext=355,8 scr=0 ancho=648 | scrollAnidadosV=0: ninguno
INVALM [alm-min-1080x700-libplegada] Almacenes 1080x700 SizeClass=Compacto idioma=es libreriaPlegada=True compacto=False contenedor='Banco (40/40)' | rejilla 40 celdas de 58,8px (MinCell=40 MaxCell=90 cols=10) | enteras sin desplazar=40/40 | ancho rejilla 624px de 648px (96 %)
INVALM [alm-min-1080x700-libplegada] Almacenes 1080x700 SizeClass=Compacto idioma=es libreriaPlegada=True compacto=False contenedor='Banco (40/40)' | marco 648x321,8 (rejilla 624 de ancho) | banda vacia bajo el marco dentro de la pagina=99,3px | fila Libreria=39,6px | celda en MaxCell=False
INVALM [alm-min-1080x700-libplegada] Almacenes 1080x700 SizeClass=Compacto idioma=es libreriaPlegada=True compacto=False contenedor='Banco (40/40)' | elementos=71 clipH=0 (peor 0px) clipV-perdido=0 clipV-soloScrollAnidado=0 (peor 0px) bajoPliegueDelOwnerPrincipal=0 
INVALM [alm-min-1080x700-libplegada] Almacenes 1080x700 SizeClass=Compacto idioma=es libreriaPlegada=True compacto=False contenedor='Banco (40/40)' | estructura: botones/pildoras 9/9 enteros sin desplazar (Banco (40/40), Caja fuerte (40/40), Fragua del Defensor (40/40), B¢veda del Vac¡o (40/40), Guardar conjunto..., Cargar..., A¤adir..., Ordenar, Vaciar contenedor) | nav de pagina 3/3
INVALM [alm-min-1080x700-libplegada] Almacenes 1080x700 SizeClass=Compacto idioma=es libreriaPlegada=True compacto=False contenedor='Banco (40/40)' | Editar: 300x208,5 scrollPropio vp= ext= scr= slot=Banco#0
INVALM [alm-min-1080x700-libplegada] Almacenes 1080x700 SizeClass=Compacto idioma=es libreriaPlegada=True compacto=False contenedor='Banco (40/40)' | captura -> C:\Users\adrian\Downloads\Keep\Terrasavr-Win\Terrasavr-Native\Terrakeep.App.Tests\bin\Release\net10.0-windows\keepqa-evidencia\responsive-faseC\invalm-actual-alm-min-1080x700-libplegada.png
INVALM [inv-min-1080x700-libdesplegada] Inventario 1080x700 SizeClass=Compacto idioma=es libreriaPlegada=False compacto=False contenedor='Inventario (50/50)' | pagina vp=297 ext=297 scr=0 ancho=648 | scrollAnidadosV=0: ninguno
INVALM [inv-min-1080x700-libdesplegada] Inventario 1080x700 SizeClass=Compacto idioma=es libreriaPlegada=False compacto=False contenedor='Inventario (50/50)' | rejilla 50 celdas de 40,2px (MinCell=40 MaxCell=90 cols=10) | enteras sin desplazar=50/50 | ancho rejilla 438px de 648px (68 %)
INVALM [inv-min-1080x700-libdesplegada] Inventario 1080x700 SizeClass=Compacto idioma=es libreriaPlegada=False compacto=False contenedor='Inventario (50/50)' | marco 628,3x263 (rejilla 438 de ancho) | banda vacia bajo el marco dentro de la pagina=0px | fila Libreria=197,8px | celda en MaxCell=False
INVALM [inv-min-1080x700-libdesplegada] Inventario 1080x700 SizeClass=Compacto idioma=es libreriaPlegada=False compacto=False contenedor='Inventario (50/50)' | elementos=79 clipH=0 (peor 0px) clipV-perdido=0 clipV-soloScrollAnidado=0 (peor 0px) bajoPliegueDelOwnerPrincipal=0 
INVALM [inv-min-1080x700-libdesplegada] Inventario 1080x700 SizeClass=Compacto idioma=es libreriaPlegada=False compacto=False contenedor='Inventario (50/50)' | estructura: botones/pildoras 6/6 enteros sin desplazar (Guardar conjunto..., Cargar..., A¤adir..., Mover todo al almac‚n, Ordenar, Vaciar contenedor) | nav de pagina 3/3
INVALM [inv-min-1080x700-libdesplegada] Inventario 1080x700 SizeClass=Compacto idioma=es libreriaPlegada=False compacto=False contenedor='Inventario (50/50)' | Editar: 300x239,8 scrollPropio vp= ext= scr= slot=Inventario#0 | estrella favorito '?' 22,2x22 en (945,7,155,3) entera=True
INVALM [inv-min-1080x700-libdesplegada] Inventario 1080x700 SizeClass=Compacto idioma=es libreriaPlegada=False compacto=False contenedor='Inventario (50/50)' | captura -> C:\Users\adrian\Downloads\Keep\Terrasavr-Win\Terrasavr-Native\Terrakeep.App.Tests\bin\Release\net10.0-windows\keepqa-evidencia\responsive-faseC\invalm-actual-inv-min-1080x700-libdesplegada.png
INVALM [alm-min-1080x700-libdesplegada] Almacenes 1080x700 SizeClass=Compacto idioma=es libreriaPlegada=False compacto=False contenedor='Banco (40/40)' | pagina vp=293,6 ext=293,6 scr=0 ancho=648 | scrollAnidadosV=0: ninguno
INVALM [alm-min-1080x700-libdesplegada] Almacenes 1080x700 SizeClass=Compacto idioma=es libreriaPlegada=False compacto=False contenedor='Banco (40/40)' | rejilla 40 celdas de 43,3px (MinCell=40 MaxCell=90 cols=10) | enteras sin desplazar=40/40 | ancho rejilla 468,6px de 648px (72 %)
INVALM [alm-min-1080x700-libdesplegada] Almacenes 1080x700 SizeClass=Compacto idioma=es libreriaPlegada=False compacto=False contenedor='Banco (40/40)' | marco 545,7x259,6 (rejilla 468,6 de ancho) | banda vacia bajo el marco dentro de la pagina=0px | fila Libreria=201,1px | celda en MaxCell=False
INVALM [alm-min-1080x700-libdesplegada] Almacenes 1080x700 SizeClass=Compacto idioma=es libreriaPlegada=False compacto=False contenedor='Banco (40/40)' | elementos=71 clipH=0 (peor 0px) clipV-perdido=0 clipV-soloScrollAnidado=0 (peor 0px) bajoPliegueDelOwnerPrincipal=0 
INVALM [alm-min-1080x700-libdesplegada] Almacenes 1080x700 SizeClass=Compacto idioma=es libreriaPlegada=False compacto=False contenedor='Banco (40/40)' | estructura: botones/pildoras 9/9 enteros sin desplazar (Banco (40/40), Caja fuerte (40/40), Fragua del Defensor (40/40), B¢veda del Vac¡o (40/40), Guardar conjunto..., Cargar..., A¤adir..., Ordenar, Vaciar contenedor) | nav de pagina 3/3
INVALM [alm-min-1080x700-libdesplegada] Almacenes 1080x700 SizeClass=Compacto idioma=es libreriaPlegada=False compacto=False contenedor='Banco (40/40)' | Editar: 300x208,5 scrollPropio vp= ext= scr= slot=Banco#0
INVALM [alm-min-1080x700-libdesplegada] Almacenes 1080x700 SizeClass=Compacto idioma=es libreriaPlegada=False compacto=False contenedor='Banco (40/40)' | captura -> C:\Users\adrian\Downloads\Keep\Terrasavr-Win\Terrasavr-Native\Terrakeep.App.Tests\bin\Release\net10.0-windows\keepqa-evidencia\responsive-faseC\invalm-actual-alm-min-1080x700-libdesplegada.png
INVALM [inv-medio-1366x768-libplegada] Inventario 1366x768 SizeClass=Normal idioma=es libreriaPlegada=True compacto=False contenedor='Inventario (50/50)' | pagina vp=523,1 ext=494,9 scr=0 ancho=857,8 | scrollAnidadosV=0: ninguno
INVALM [inv-medio-1366x768-libplegada] Inventario 1366x768 SizeClass=Normal idioma=es libreriaPlegada=True compacto=False contenedor='Inventario (50/50)' | rejilla 50 celdas de 79,8px (MinCell=40 MaxCell=90 cols=10) | enteras sin desplazar=50/50 | ancho rejilla 833,8px de 857,8px (97 %)
INVALM [inv-medio-1366x768-libplegada] Inventario 1366x768 SizeClass=Normal idioma=es libreriaPlegada=True compacto=False contenedor='Inventario (50/50)' | marco 857,8x460,9 (rejilla 833,8 de ancho) | banda vacia bajo el marco dentro de la pagina=28,3px | fila Libreria=39,6px | celda en MaxCell=False
INVALM [inv-medio-1366x768-libplegada] Inventario 1366x768 SizeClass=Normal idioma=es libreriaPlegada=True compacto=False contenedor='Inventario (50/50)' | elementos=79 clipH=0 (peor 0px) clipV-perdido=0 clipV-soloScrollAnidado=0 (peor 0px) bajoPliegueDelOwnerPrincipal=0 
INVALM [inv-medio-1366x768-libplegada] Inventario 1366x768 SizeClass=Normal idioma=es libreriaPlegada=True compacto=False contenedor='Inventario (50/50)' | estructura: botones/pildoras 6/6 enteros sin desplazar (Guardar conjunto..., Cargar..., A¤adir..., Mover todo al almac‚n, Ordenar, Vaciar contenedor) | nav de pagina 3/3
INVALM [inv-medio-1366x768-libplegada] Inventario 1366x768 SizeClass=Normal idioma=es libreriaPlegada=True compacto=False contenedor='Inventario (50/50)' | Editar: 300x333,3 scrollPropio vp= ext= scr= slot=Inventario#0 | estrella favorito '?' 22,2x22 en (1231,7,155,3) entera=True
INVALM [inv-medio-1366x768-libplegada] Inventario 1366x768 SizeClass=Normal idioma=es libreriaPlegada=True compacto=False contenedor='Inventario (50/50)' | captura -> C:\Users\adrian\Downloads\Keep\Terrasavr-Win\Terrasavr-Native\Terrakeep.App.Tests\bin\Release\net10.0-windows\keepqa-evidencia\responsive-faseC\invalm-actual-inv-medio-1366x768-libplegada.png
INVALM [alm-medio-1366x768-libplegada] Almacenes 1366x768 SizeClass=Normal idioma=es libreriaPlegada=True compacto=False contenedor='Banco (40/40)' | pagina vp=523,1 ext=439,7 scr=0 ancho=857,8 | scrollAnidadosV=0: ninguno
INVALM [alm-medio-1366x768-libplegada] Almacenes 1366x768 SizeClass=Normal idioma=es libreriaPlegada=True compacto=False contenedor='Banco (40/40)' | rejilla 40 celdas de 79,8px (MinCell=40 MaxCell=90 cols=10) | enteras sin desplazar=40/40 | ancho rejilla 833,8px de 857,8px (97 %)
INVALM [alm-medio-1366x768-libplegada] Almacenes 1366x768 SizeClass=Normal idioma=es libreriaPlegada=True compacto=False contenedor='Banco (40/40)' | marco 857,8x405,7 (rejilla 833,8 de ancho) | banda vacia bajo el marco dentro de la pagina=83,4px | fila Libreria=39,6px | celda en MaxCell=False
INVALM [alm-medio-1366x768-libplegada] Almacenes 1366x768 SizeClass=Normal idioma=es libreriaPlegada=True compacto=False contenedor='Banco (40/40)' | elementos=71 clipH=0 (peor 0px) clipV-perdido=0 clipV-soloScrollAnidado=0 (peor 0px) bajoPliegueDelOwnerPrincipal=0 
INVALM [alm-medio-1366x768-libplegada] Almacenes 1366x768 SizeClass=Normal idioma=es libreriaPlegada=True compacto=False contenedor='Banco (40/40)' | estructura: botones/pildoras 9/9 enteros sin desplazar (Banco (40/40), Caja fuerte (40/40), Fragua del Defensor (40/40), B¢veda del Vac¡o (40/40), Guardar conjunto..., Cargar..., A¤adir..., Ordenar, Vaciar contenedor) | nav de pagina 3/3
INVALM [alm-medio-1366x768-libplegada] Almacenes 1366x768 SizeClass=Normal idioma=es libreriaPlegada=True compacto=False contenedor='Banco (40/40)' | Editar: 300x208,5 scrollPropio vp= ext= scr= slot=Banco#0
INVALM [alm-medio-1366x768-libplegada] Almacenes 1366x768 SizeClass=Normal idioma=es libreriaPlegada=True compacto=False contenedor='Banco (40/40)' | captura -> C:\Users\adrian\Downloads\Keep\Terrasavr-Win\Terrasavr-Native\Terrakeep.App.Tests\bin\Release\net10.0-windows\keepqa-evidencia\responsive-faseC\invalm-actual-alm-medio-1366x768-libplegada.png
INVALM [inv-medio-1366x768-libdesplegada] Inventario 1366x768 SizeClass=Normal idioma=es libreriaPlegada=False compacto=False contenedor='Inventario (50/50)' | pagina vp=334,4 ext=334,4 scr=0 ancho=857,8 | scrollAnidadosV=0: ninguno
INVALM [inv-medio-1366x768-libdesplegada] Inventario 1366x768 SizeClass=Normal idioma=es libreriaPlegada=False compacto=False contenedor='Inventario (50/50)' | rejilla 50 celdas de 47,7px (MinCell=40 MaxCell=90 cols=10) | enteras sin desplazar=50/50 | ancho rejilla 513px de 857,8px (60 %)
INVALM [inv-medio-1366x768-libdesplegada] Inventario 1366x768 SizeClass=Normal idioma=es libreriaPlegada=False compacto=False contenedor='Inventario (50/50)' | marco 628,3x300,4 (rejilla 513 de ancho) | banda vacia bajo el marco dentro de la pagina=0px | fila Libreria=228,3px | celda en MaxCell=False
INVALM [inv-medio-1366x768-libdesplegada] Inventario 1366x768 SizeClass=Normal idioma=es libreriaPlegada=False compacto=False contenedor='Inventario (50/50)' | elementos=79 clipH=0 (peor 0px) clipV-perdido=0 clipV-soloScrollAnidado=0 (peor 0px) bajoPliegueDelOwnerPrincipal=0 
INVALM [inv-medio-1366x768-libdesplegada] Inventario 1366x768 SizeClass=Normal idioma=es libreriaPlegada=False compacto=False contenedor='Inventario (50/50)' | estructura: botones/pildoras 6/6 enteros sin desplazar (Guardar conjunto..., Cargar..., A¤adir..., Mover todo al almac‚n, Ordenar, Vaciar contenedor) | nav de pagina 3/3
INVALM [inv-medio-1366x768-libdesplegada] Inventario 1366x768 SizeClass=Normal idioma=es libreriaPlegada=False compacto=False contenedor='Inventario (50/50)' | Editar: 300x239,8 scrollPropio vp= ext= scr= slot=Inventario#0 | estrella favorito '?' 22,2x22 en (1231,7,155,3) entera=True
INVALM [inv-medio-1366x768-libdesplegada] Inventario 1366x768 SizeClass=Normal idioma=es libreriaPlegada=False compacto=False contenedor='Inventario (50/50)' | captura -> C:\Users\adrian\Downloads\Keep\Terrasavr-Win\Terrasavr-Native\Terrakeep.App.Tests\bin\Release\net10.0-windows\keepqa-evidencia\responsive-faseC\invalm-actual-inv-medio-1366x768-libdesplegada.png
INVALM [alm-medio-1366x768-libdesplegada] Almacenes 1366x768 SizeClass=Normal idioma=es libreriaPlegada=False compacto=False contenedor='Banco (40/40)' | pagina vp=334,4 ext=334,4 scr=0 ancho=857,8 | scrollAnidadosV=0: ninguno
INVALM [alm-medio-1366x768-libdesplegada] Almacenes 1366x768 SizeClass=Normal idioma=es libreriaPlegada=False compacto=False contenedor='Banco (40/40)' | rejilla 40 celdas de 53,5px (MinCell=40 MaxCell=90 cols=10) | enteras sin desplazar=40/40 | ancho rejilla 570,6px de 857,8px (67 %)
INVALM [alm-medio-1366x768-libdesplegada] Almacenes 1366x768 SizeClass=Normal idioma=es libreriaPlegada=False compacto=False contenedor='Banco (40/40)' | marco 594,6x300,4 (rejilla 570,6 de ancho) | banda vacia bajo el marco dentro de la pagina=0px | fila Libreria=228,3px | celda en MaxCell=False
INVALM [alm-medio-1366x768-libdesplegada] Almacenes 1366x768 SizeClass=Normal idioma=es libreriaPlegada=False compacto=False contenedor='Banco (40/40)' | elementos=71 clipH=0 (peor 0px) clipV-perdido=0 clipV-soloScrollAnidado=0 (peor 0px) bajoPliegueDelOwnerPrincipal=0 
INVALM [alm-medio-1366x768-libdesplegada] Almacenes 1366x768 SizeClass=Normal idioma=es libreriaPlegada=False compacto=False contenedor='Banco (40/40)' | estructura: botones/pildoras 9/9 enteros sin desplazar (Banco (40/40), Caja fuerte (40/40), Fragua del Defensor (40/40), B¢veda del Vac¡o (40/40), Guardar conjunto..., Cargar..., A¤adir..., Ordenar, Vaciar contenedor) | nav de pagina 3/3
INVALM [alm-medio-1366x768-libdesplegada] Almacenes 1366x768 SizeClass=Normal idioma=es libreriaPlegada=False compacto=False contenedor='Banco (40/40)' | Editar: 300x208,5 scrollPropio vp= ext= scr= slot=Banco#0
INVALM [alm-medio-1366x768-libdesplegada] Almacenes 1366x768 SizeClass=Normal idioma=es libreriaPlegada=False compacto=False contenedor='Banco (40/40)' | captura -> C:\Users\adrian\Downloads\Keep\Terrasavr-Win\Terrasavr-Native\Terrakeep.App.Tests\bin\Release\net10.0-windows\keepqa-evidencia\responsive-faseC\invalm-actual-alm-medio-1366x768-libdesplegada.png
INVALM [inv-amplio-1520x860-libdesplegada] Inventario 1520x860 SizeClass=Amplio idioma=es libreriaPlegada=False compacto=False contenedor='Inventario (50/50)' | pagina vp=389,6 ext=389,6 scr=0 ancho=1011,8 | scrollAnidadosV=0: ninguno
INVALM [inv-amplio-1520x860-libdesplegada] Inventario 1520x860 SizeClass=Amplio idioma=es libreriaPlegada=False compacto=False contenedor='Inventario (50/50)' | rejilla 50 celdas de 58,7px (MinCell=40 MaxCell=90 cols=10) | enteras sin desplazar=50/50 | ancho rejilla 623,4px de 1011,8px (62 %)
INVALM [inv-amplio-1520x860-libdesplegada] Inventario 1520x860 SizeClass=Amplio idioma=es libreriaPlegada=False compacto=False contenedor='Inventario (50/50)' | marco 647,4x355,6 (rejilla 623,4 de ancho) | banda vacia bajo el marco dentro de la pagina=0px | fila Libreria=265,1px | celda en MaxCell=False
INVALM [inv-amplio-1520x860-libdesplegada] Inventario 1520x860 SizeClass=Amplio idioma=es libreriaPlegada=False compacto=False contenedor='Inventario (50/50)' | elementos=79 clipH=0 (peor 0px) clipV-perdido=0 clipV-soloScrollAnidado=0 (peor 0px) bajoPliegueDelOwnerPrincipal=0 
INVALM [inv-amplio-1520x860-libdesplegada] Inventario 1520x860 SizeClass=Amplio idioma=es libreriaPlegada=False compacto=False contenedor='Inventario (50/50)' | estructura: botones/pildoras 6/6 enteros sin desplazar (Guardar conjunto..., Cargar..., A¤adir..., Mover todo al almac‚n, Ordenar, Vaciar contenedor) | nav de pagina 3/3
INVALM [inv-amplio-1520x860-libdesplegada] Inventario 1520x860 SizeClass=Amplio idioma=es libreriaPlegada=False compacto=False contenedor='Inventario (50/50)' | Editar: 300x239,8 scrollPropio vp= ext= scr= slot=Inventario#0 | estrella favorito '?' 22,2x22 en (1385,7,155,3) entera=True
INVALM [inv-amplio-1520x860-libdesplegada] Inventario 1520x860 SizeClass=Amplio idioma=es libreriaPlegada=False compacto=False contenedor='Inventario (50/50)' | captura -> C:\Users\adrian\Downloads\Keep\Terrasavr-Win\Terrasavr-Native\Terrakeep.App.Tests\bin\Release\net10.0-windows\keepqa-evidencia\responsive-faseC\invalm-actual-inv-amplio-1520x860-libdesplegada.png
INVALM [alm-amplio-1520x860-libdesplegada] Almacenes 1520x860 SizeClass=Amplio idioma=es libreriaPlegada=False compacto=False contenedor='Banco (40/40)' | pagina vp=389,6 ext=389,6 scr=0 ancho=1011,8 | scrollAnidadosV=0: ninguno
INVALM [alm-amplio-1520x860-libdesplegada] Almacenes 1520x860 SizeClass=Amplio idioma=es libreriaPlegada=False compacto=False contenedor='Banco (40/40)' | rejilla 40 celdas de 67,3px (MinCell=40 MaxCell=90 cols=10) | enteras sin desplazar=40/40 | ancho rejilla 708,6px de 1011,8px (70 %)
INVALM [alm-amplio-1520x860-libdesplegada] Almacenes 1520x860 SizeClass=Amplio idioma=es libreriaPlegada=False compacto=False contenedor='Banco (40/40)' | marco 732,6x355,6 (rejilla 708,6 de ancho) | banda vacia bajo el marco dentro de la pagina=0px | fila Libreria=265,1px | celda en MaxCell=False
INVALM [alm-amplio-1520x860-libdesplegada] Almacenes 1520x860 SizeClass=Amplio idioma=es libreriaPlegada=False compacto=False contenedor='Banco (40/40)' | elementos=71 clipH=0 (peor 0px) clipV-perdido=0 clipV-soloScrollAnidado=0 (peor 0px) bajoPliegueDelOwnerPrincipal=0 
INVALM [alm-amplio-1520x860-libdesplegada] Almacenes 1520x860 SizeClass=Amplio idioma=es libreriaPlegada=False compacto=False contenedor='Banco (40/40)' | estructura: botones/pildoras 9/9 enteros sin desplazar (Banco (40/40), Caja fuerte (40/40), Fragua del Defensor (40/40), B¢veda del Vac¡o (40/40), Guardar conjunto..., Cargar..., A¤adir..., Ordenar, Vaciar contenedor) | nav de pagina 3/3
INVALM [alm-amplio-1520x860-libdesplegada] Almacenes 1520x860 SizeClass=Amplio idioma=es libreriaPlegada=False compacto=False contenedor='Banco (40/40)' | Editar: 300x208,5 scrollPropio vp= ext= scr= slot=Banco#0
INVALM [alm-amplio-1520x860-libdesplegada] Almacenes 1520x860 SizeClass=Amplio idioma=es libreriaPlegada=False compacto=False contenedor='Banco (40/40)' | captura -> C:\Users\adrian\Downloads\Keep\Terrasavr-Win\Terrasavr-Native\Terrakeep.App.Tests\bin\Release\net10.0-windows\keepqa-evidencia\responsive-faseC\invalm-actual-alm-amplio-1520x860-libdesplegada.png
INVALM [inv-grande-1920x1080-libdesplegada] Inventario 1920x1080 SizeClass=Extra idioma=es libreriaPlegada=False compacto=False contenedor='Inventario (50/50)' | pagina vp=520,8 ext=520,8 scr=0 ancho=1411,8 | scrollAnidadosV=0: ninguno
INVALM [inv-grande-1920x1080-libdesplegada] Inventario 1920x1080 SizeClass=Extra idioma=es libreriaPlegada=False compacto=False contenedor='Inventario (50/50)' | rejilla 50 celdas de 85px (MinCell=40 MaxCell=90 cols=10) | enteras sin desplazar=50/50 | ancho rejilla 885,8px de 1411,8px (63 %)
INVALM [inv-grande-1920x1080-libdesplegada] Inventario 1920x1080 SizeClass=Extra idioma=es libreriaPlegada=False compacto=False contenedor='Inventario (50/50)' | marco 909,8x486,8 (rejilla 885,8 de ancho) | banda vacia bajo el marco dentro de la pagina=0px | fila Libreria=352,6px | celda en MaxCell=False
INVALM [inv-grande-1920x1080-libdesplegada] Inventario 1920x1080 SizeClass=Extra idioma=es libreriaPlegada=False compacto=False contenedor='Inventario (50/50)' | elementos=79 clipH=0 (peor 0px) clipV-perdido=0 clipV-soloScrollAnidado=0 (peor 0px) bajoPliegueDelOwnerPrincipal=0 
INVALM [inv-grande-1920x1080-libdesplegada] Inventario 1920x1080 SizeClass=Extra idioma=es libreriaPlegada=False compacto=False contenedor='Inventario (50/50)' | estructura: botones/pildoras 6/6 enteros sin desplazar (Guardar conjunto..., Cargar..., A¤adir..., Mover todo al almac‚n, Ordenar, Vaciar contenedor) | nav de pagina 3/3
INVALM [inv-grande-1920x1080-libdesplegada] Inventario 1920x1080 SizeClass=Extra idioma=es libreriaPlegada=False compacto=False contenedor='Inventario (50/50)' | Editar: 300x339,2 scrollPropio vp= ext= scr= slot=Inventario#0 | estrella favorito '?' 22,2x22 en (1785,7,156,6) entera=True
INVALM [inv-grande-1920x1080-libdesplegada] Inventario 1920x1080 SizeClass=Extra idioma=es libreriaPlegada=False compacto=False contenedor='Inventario (50/50)' | captura -> C:\Users\adrian\Downloads\Keep\Terrasavr-Win\Terrasavr-Native\Terrakeep.App.Tests\bin\Release\net10.0-windows\keepqa-evidencia\responsive-faseC\invalm-actual-inv-grande-1920x1080-libdesplegada.png
INVALM [alm-grande-1920x1080-libdesplegada] Almacenes 1920x1080 SizeClass=Extra idioma=es libreriaPlegada=False compacto=False contenedor='Banco (40/40)' | pagina vp=481,6 ext=480,6 scr=0 ancho=1411,8 | scrollAnidadosV=0: ninguno
INVALM [alm-grande-1920x1080-libdesplegada] Almacenes 1920x1080 SizeClass=Extra idioma=es libreriaPlegada=False compacto=False contenedor='Banco (40/40)' | rejilla 40 celdas de 90px (MinCell=40 MaxCell=90 cols=10) | enteras sin desplazar=40/40 | ancho rejilla 936px de 1411,8px (66 %)
INVALM [alm-grande-1920x1080-libdesplegada] Almacenes 1920x1080 SizeClass=Extra idioma=es libreriaPlegada=False compacto=False contenedor='Banco (40/40)' | marco 960x446,6 (rejilla 936 de ancho) | banda vacia bajo el marco dentro de la pagina=1px | fila Libreria=391,8px | celda en MaxCell=True
INVALM [alm-grande-1920x1080-libdesplegada] Almacenes 1920x1080 SizeClass=Extra idioma=es libreriaPlegada=False compacto=False contenedor='Banco (40/40)' | elementos=71 clipH=0 (peor 0px) clipV-perdido=0 clipV-soloScrollAnidado=0 (peor 0px) bajoPliegueDelOwnerPrincipal=0 
INVALM [alm-grande-1920x1080-libdesplegada] Almacenes 1920x1080 SizeClass=Extra idioma=es libreriaPlegada=False compacto=False contenedor='Banco (40/40)' | estructura: botones/pildoras 9/9 enteros sin desplazar (Banco (40/40), Caja fuerte (40/40), Fragua del Defensor (40/40), B¢veda del Vac¡o (40/40), Guardar conjunto..., Cargar..., A¤adir..., Ordenar, Vaciar contenedor) | nav de pagina 3/3
INVALM [alm-grande-1920x1080-libdesplegada] Almacenes 1920x1080 SizeClass=Extra idioma=es libreriaPlegada=False compacto=False contenedor='Banco (40/40)' | Editar: 300x213,1 scrollPropio vp= ext= scr= slot=Banco#0
INVALM [alm-grande-1920x1080-libdesplegada] Almacenes 1920x1080 SizeClass=Extra idioma=es libreriaPlegada=False compacto=False contenedor='Banco (40/40)' | captura -> C:\Users\adrian\Downloads\Keep\Terrasavr-Win\Terrasavr-Native\Terrakeep.App.Tests\bin\Release\net10.0-windows\keepqa-evidencia\responsive-faseC\invalm-actual-alm-grande-1920x1080-libdesplegada.png
INVALM [inv-extra-2560x1440-libdesplegada] Inventario 2560x1440 SizeClass=Extra idioma=es libreriaPlegada=False compacto=False contenedor='Inventario (50/50)' | pagina vp=547 ext=546 scr=0 ancho=2051,8 | scrollAnidadosV=0: ninguno
INVALM [inv-extra-2560x1440-libdesplegada] Inventario 2560x1440 SizeClass=Extra idioma=es libreriaPlegada=False compacto=False contenedor='Inventario (50/50)' | rejilla 50 celdas de 90px (MinCell=40 MaxCell=90 cols=10) | enteras sin desplazar=50/50 | ancho rejilla 936px de 2051,8px (46 %)
INVALM [inv-extra-2560x1440-libdesplegada] Inventario 2560x1440 SizeClass=Extra idioma=es libreriaPlegada=False compacto=False contenedor='Inventario (50/50)' | marco 960x512 (rejilla 936 de ancho) | banda vacia bajo el marco dentro de la pagina=1px | fila Libreria=686,4px | celda en MaxCell=True
INVALM [inv-extra-2560x1440-libdesplegada] Inventario 2560x1440 SizeClass=Extra idioma=es libreriaPlegada=False compacto=False contenedor='Inventario (50/50)' | elementos=79 clipH=0 (peor 0px) clipV-perdido=0 clipV-soloScrollAnidado=0 (peor 0px) bajoPliegueDelOwnerPrincipal=0 
INVALM [inv-extra-2560x1440-libdesplegada] Inventario 2560x1440 SizeClass=Extra idioma=es libreriaPlegada=False compacto=False contenedor='Inventario (50/50)' | estructura: botones/pildoras 6/6 enteros sin desplazar (Guardar conjunto..., Cargar..., A¤adir..., Mover todo al almac‚n, Ordenar, Vaciar contenedor) | nav de pagina 3/3
INVALM [inv-extra-2560x1440-libdesplegada] Inventario 2560x1440 SizeClass=Extra idioma=es libreriaPlegada=False compacto=False contenedor='Inventario (50/50)' | Editar: 300x339,2 scrollPropio vp= ext= scr= slot=Inventario#0 | estrella favorito '?' 22,2x22 en (2425,7,156,6) entera=True
INVALM [inv-extra-2560x1440-libdesplegada] Inventario 2560x1440 SizeClass=Extra idioma=es libreriaPlegada=False compacto=False contenedor='Inventario (50/50)' | captura -> C:\Users\adrian\Downloads\Keep\Terrasavr-Win\Terrasavr-Native\Terrakeep.App.Tests\bin\Release\net10.0-windows\keepqa-evidencia\responsive-faseC\invalm-actual-inv-extra-2560x1440-libdesplegada.png
INVALM [alm-extra-2560x1440-libdesplegada] Almacenes 2560x1440 SizeClass=Extra idioma=es libreriaPlegada=False compacto=False contenedor='Banco (40/40)' | pagina vp=481,6 ext=480,6 scr=0 ancho=2051,8 | scrollAnidadosV=0: ninguno
INVALM [alm-extra-2560x1440-libdesplegada] Almacenes 2560x1440 SizeClass=Extra idioma=es libreriaPlegada=False compacto=False contenedor='Banco (40/40)' | rejilla 40 celdas de 90px (MinCell=40 MaxCell=90 cols=10) | enteras sin desplazar=40/40 | ancho rejilla 936px de 2051,8px (46 %)
INVALM [alm-extra-2560x1440-libdesplegada] Almacenes 2560x1440 SizeClass=Extra idioma=es libreriaPlegada=False compacto=False contenedor='Banco (40/40)' | marco 960x446,6 (rejilla 936 de ancho) | banda vacia bajo el marco dentro de la pagina=1px | fila Libreria=751,8px | celda en MaxCell=True
INVALM [alm-extra-2560x1440-libdesplegada] Almacenes 2560x1440 SizeClass=Extra idioma=es libreriaPlegada=False compacto=False contenedor='Banco (40/40)' | elementos=71 clipH=0 (peor 0px) clipV-perdido=0 clipV-soloScrollAnidado=0 (peor 0px) bajoPliegueDelOwnerPrincipal=0 
INVALM [alm-extra-2560x1440-libdesplegada] Almacenes 2560x1440 SizeClass=Extra idioma=es libreriaPlegada=False compacto=False contenedor='Banco (40/40)' | estructura: botones/pildoras 9/9 enteros sin desplazar (Banco (40/40), Caja fuerte (40/40), Fragua del Defensor (40/40), B¢veda del Vac¡o (40/40), Guardar conjunto..., Cargar..., A¤adir..., Ordenar, Vaciar contenedor) | nav de pagina 3/3
INVALM [alm-extra-2560x1440-libdesplegada] Almacenes 2560x1440 SizeClass=Extra idioma=es libreriaPlegada=False compacto=False contenedor='Banco (40/40)' | Editar: 300x213,1 scrollPropio vp= ext= scr= slot=Banco#0
INVALM [alm-extra-2560x1440-libdesplegada] Almacenes 2560x1440 SizeClass=Extra idioma=es libreriaPlegada=False compacto=False contenedor='Banco (40/40)' | captura -> C:\Users\adrian\Downloads\Keep\Terrasavr-Win\Terrasavr-Native\Terrakeep.App.Tests\bin\Release\net10.0-windows\keepqa-evidencia\responsive-faseC\invalm-actual-alm-extra-2560x1440-libdesplegada.png
INVALM MAXIMIZADO: monitor mas ancho del equipo 2560x1392 (zona de trabajo) en (0,0)
INVALM MAXIMIZADO: ventana 2576x1408 SizeClass=Extra
INVALM [inv-maximizado-libdesplegada] Inventario 2576x1408 SizeClass=Extra idioma=es libreriaPlegada=False compacto=False contenedor='Inventario (50/50)' | pagina vp=547 ext=546 scr=0 ancho=2067,8 | scrollAnidadosV=0: ninguno
INVALM [inv-maximizado-libdesplegada] Inventario 2576x1408 SizeClass=Extra idioma=es libreriaPlegada=False compacto=False contenedor='Inventario (50/50)' | rejilla 50 celdas de 90px (MinCell=40 MaxCell=90 cols=10) | enteras sin desplazar=50/50 | ancho rejilla 936px de 2067,8px (45 %)
INVALM [inv-maximizado-libdesplegada] Inventario 2576x1408 SizeClass=Extra idioma=es libreriaPlegada=False compacto=False contenedor='Inventario (50/50)' | marco 960x512 (rejilla 936 de ancho) | banda vacia bajo el marco dentro de la pagina=1px | fila Libreria=654,4px | celda en MaxCell=True
INVALM [inv-maximizado-libdesplegada] Inventario 2576x1408 SizeClass=Extra idioma=es libreriaPlegada=False compacto=False contenedor='Inventario (50/50)' | elementos=79 clipH=0 (peor 0px) clipV-perdido=0 clipV-soloScrollAnidado=0 (peor 0px) bajoPliegueDelOwnerPrincipal=0 
INVALM [inv-maximizado-libdesplegada] Inventario 2576x1408 SizeClass=Extra idioma=es libreriaPlegada=False compacto=False contenedor='Inventario (50/50)' | estructura: botones/pildoras 6/6 enteros sin desplazar (Guardar conjunto..., Cargar..., A¤adir..., Mover todo al almac‚n, Ordenar, Vaciar contenedor) | nav de pagina 3/3
INVALM [inv-maximizado-libdesplegada] Inventario 2576x1408 SizeClass=Extra idioma=es libreriaPlegada=False compacto=False contenedor='Inventario (50/50)' | Editar: 300x339,2 scrollPropio vp= ext= scr= slot=Inventario#0 | estrella favorito '?' 22,2x22 en (2441,7,156,6) entera=True
INVALM [inv-maximizado-libdesplegada] Inventario 2576x1408 SizeClass=Extra idioma=es libreriaPlegada=False compacto=False contenedor='Inventario (50/50)' | captura -> C:\Users\adrian\Downloads\Keep\Terrasavr-Win\Terrasavr-Native\Terrakeep.App.Tests\bin\Release\net10.0-windows\keepqa-evidencia\responsive-faseC\invalm-actual-inv-maximizado-libdesplegada.png
INVALM [alm-maximizado-libdesplegada] Almacenes 2576x1408 SizeClass=Extra idioma=es libreriaPlegada=False compacto=False contenedor='Banco (40/40)' | pagina vp=481,6 ext=480,6 scr=0 ancho=2067,8 | scrollAnidadosV=0: ninguno
INVALM [alm-maximizado-libdesplegada] Almacenes 2576x1408 SizeClass=Extra idioma=es libreriaPlegada=False compacto=False contenedor='Banco (40/40)' | rejilla 40 celdas de 90px (MinCell=40 MaxCell=90 cols=10) | enteras sin desplazar=40/40 | ancho rejilla 936px de 2067,8px (45 %)
INVALM [alm-maximizado-libdesplegada] Almacenes 2576x1408 SizeClass=Extra idioma=es libreriaPlegada=False compacto=False contenedor='Banco (40/40)' | marco 960x446,6 (rejilla 936 de ancho) | banda vacia bajo el marco dentro de la pagina=1px | fila Libreria=719,8px | celda en MaxCell=True
INVALM [alm-maximizado-libdesplegada] Almacenes 2576x1408 SizeClass=Extra idioma=es libreriaPlegada=False compacto=False contenedor='Banco (40/40)' | elementos=71 clipH=0 (peor 0px) clipV-perdido=0 clipV-soloScrollAnidado=0 (peor 0px) bajoPliegueDelOwnerPrincipal=0 
INVALM [alm-maximizado-libdesplegada] Almacenes 2576x1408 SizeClass=Extra idioma=es libreriaPlegada=False compacto=False contenedor='Banco (40/40)' | estructura: botones/pildoras 9/9 enteros sin desplazar (Banco (40/40), Caja fuerte (40/40), Fragua del Defensor (40/40), B¢veda del Vac¡o (40/40), Guardar conjunto..., Cargar..., A¤adir..., Ordenar, Vaciar contenedor) | nav de pagina 3/3
INVALM [alm-maximizado-libdesplegada] Almacenes 2576x1408 SizeClass=Extra idioma=es libreriaPlegada=False compacto=False contenedor='Banco (40/40)' | Editar: 300x213,1 scrollPropio vp= ext= scr= slot=Banco#0
INVALM [alm-maximizado-libdesplegada] Almacenes 2576x1408 SizeClass=Extra idioma=es libreriaPlegada=False compacto=False contenedor='Banco (40/40)' | captura -> C:\Users\adrian\Downloads\Keep\Terrasavr-Win\Terrasavr-Native\Terrakeep.App.Tests\bin\Release\net10.0-windows\keepqa-evidencia\responsive-faseC\invalm-actual-alm-maximizado-libdesplegada.png
INVALM [alm-min-1080x700-libdesplegada-cajafuerte] Almacenes 1080x700 SizeClass=Compacto idioma=es libreriaPlegada=False compacto=False contenedor='Caja fuerte (40/40)' | pagina vp=293,6 ext=293,6 scr=0 ancho=648 | scrollAnidadosV=0: ninguno
INVALM [alm-min-1080x700-libdesplegada-cajafuerte] Almacenes 1080x700 SizeClass=Compacto idioma=es libreriaPlegada=False compacto=False contenedor='Caja fuerte (40/40)' | rejilla 40 celdas de 43,3px (MinCell=40 MaxCell=90 cols=10) | enteras sin desplazar=40/40 | ancho rejilla 468,6px de 648px (72 %)
INVALM [alm-min-1080x700-libdesplegada-cajafuerte] Almacenes 1080x700 SizeClass=Compacto idioma=es libreriaPlegada=False compacto=False contenedor='Caja fuerte (40/40)' | marco 545,7x259,6 (rejilla 468,6 de ancho) | banda vacia bajo el marco dentro de la pagina=0px | fila Libreria=201,1px | celda en MaxCell=False
INVALM [alm-min-1080x700-libdesplegada-cajafuerte] Almacenes 1080x700 SizeClass=Compacto idioma=es libreriaPlegada=False compacto=False contenedor='Caja fuerte (40/40)' | elementos=71 clipH=0 (peor 0px) clipV-perdido=0 clipV-soloScrollAnidado=0 (peor 0px) bajoPliegueDelOwnerPrincipal=0 
INVALM [alm-min-1080x700-libdesplegada-cajafuerte] Almacenes 1080x700 SizeClass=Compacto idioma=es libreriaPlegada=False compacto=False contenedor='Caja fuerte (40/40)' | estructura: botones/pildoras 9/9 enteros sin desplazar (Banco (40/40), Caja fuerte (40/40), Fragua del Defensor (40/40), B¢veda del Vac¡o (40/40), Guardar conjunto..., Cargar..., A¤adir..., Ordenar, Vaciar contenedor) | nav de pagina 3/3
INVALM [alm-min-1080x700-libdesplegada-cajafuerte] Almacenes 1080x700 SizeClass=Compacto idioma=es libreriaPlegada=False compacto=False contenedor='Caja fuerte (40/40)' | Editar: 300x208,5 scrollPropio vp= ext= scr= slot=Caja fuerte#0
INVALM [alm-min-1080x700-libdesplegada-cajafuerte] Almacenes 1080x700 SizeClass=Compacto idioma=es libreriaPlegada=False compacto=False contenedor='Caja fuerte (40/40)' | captura -> C:\Users\adrian\Downloads\Keep\Terrasavr-Win\Terrasavr-Native\Terrakeep.App.Tests\bin\Release\net10.0-windows\keepqa-evidencia\responsive-faseC\invalm-actual-alm-min-1080x700-libdesplegada-cajafuerte.png
INVALM [alm-min-1080x700-libdesplegada-forja] Almacenes 1080x700 SizeClass=Compacto idioma=es libreriaPlegada=False compacto=False contenedor='Fragua del Defensor (40/40)' | pagina vp=293,6 ext=293,6 scr=0 ancho=648 | scrollAnidadosV=0: ninguno
INVALM [alm-min-1080x700-libdesplegada-forja] Almacenes 1080x700 SizeClass=Compacto idioma=es libreriaPlegada=False compacto=False contenedor='Fragua del Defensor (40/40)' | rejilla 40 celdas de 43,3px (MinCell=40 MaxCell=90 cols=10) | enteras sin desplazar=40/40 | ancho rejilla 468,6px de 648px (72 %)
INVALM [alm-min-1080x700-libdesplegada-forja] Almacenes 1080x700 SizeClass=Compacto idioma=es libreriaPlegada=False compacto=False contenedor='Fragua del Defensor (40/40)' | marco 545,7x259,6 (rejilla 468,6 de ancho) | banda vacia bajo el marco dentro de la pagina=0px | fila Libreria=201,1px | celda en MaxCell=False
INVALM [alm-min-1080x700-libdesplegada-forja] Almacenes 1080x700 SizeClass=Compacto idioma=es libreriaPlegada=False compacto=False contenedor='Fragua del Defensor (40/40)' | elementos=58 clipH=0 (peor 0px) clipV-perdido=0 clipV-soloScrollAnidado=0 (peor 0px) bajoPliegueDelOwnerPrincipal=0 
INVALM [alm-min-1080x700-libdesplegada-forja] Almacenes 1080x700 SizeClass=Compacto idioma=es libreriaPlegada=False compacto=False contenedor='Fragua del Defensor (40/40)' | estructura: botones/pildoras 9/9 enteros sin desplazar (Banco (40/40), Caja fuerte (40/40), Fragua del Defensor (40/40), B¢veda del Vac¡o (40/40), Guardar conjunto..., Cargar..., A¤adir..., Ordenar, Vaciar contenedor) | nav de pagina 3/3
INVALM [alm-min-1080x700-libdesplegada-forja] Almacenes 1080x700 SizeClass=Compacto idioma=es libreriaPlegada=False compacto=False contenedor='Fragua del Defensor (40/40)' | Editar: 300x208,5 scrollPropio vp= ext= scr= slot=Fragua del Defensor#0
INVALM [alm-min-1080x700-libdesplegada-forja] Almacenes 1080x700 SizeClass=Compacto idioma=es libreriaPlegada=False compacto=False contenedor='Fragua del Defensor (40/40)' | captura -> C:\Users\adrian\Downloads\Keep\Terrasavr-Win\Terrasavr-Native\Terrakeep.App.Tests\bin\Release\net10.0-windows\keepqa-evidencia\responsive-faseC\invalm-actual-alm-min-1080x700-libdesplegada-forja.png
INVALM [alm-min-1080x700-libdesplegada-vacio] Almacenes 1080x700 SizeClass=Compacto idioma=es libreriaPlegada=False compacto=False contenedor='B¢veda del Vac¡o (40/40)' | pagina vp=293,6 ext=293,6 scr=0 ancho=648 | scrollAnidadosV=0: ninguno
INVALM [alm-min-1080x700-libdesplegada-vacio] Almacenes 1080x700 SizeClass=Compacto idioma=es libreriaPlegada=False compacto=False contenedor='B¢veda del Vac¡o (40/40)' | rejilla 40 celdas de 43,3px (MinCell=40 MaxCell=90 cols=10) | enteras sin desplazar=40/40 | ancho rejilla 468,6px de 648px (72 %)
INVALM [alm-min-1080x700-libdesplegada-vacio] Almacenes 1080x700 SizeClass=Compacto idioma=es libreriaPlegada=False compacto=False contenedor='B¢veda del Vac¡o (40/40)' | marco 545,7x259,6 (rejilla 468,6 de ancho) | banda vacia bajo el marco dentro de la pagina=0px | fila Libreria=201,1px | celda en MaxCell=False
INVALM [alm-min-1080x700-libdesplegada-vacio] Almacenes 1080x700 SizeClass=Compacto idioma=es libreriaPlegada=False compacto=False contenedor='B¢veda del Vac¡o (40/40)' | elementos=58 clipH=0 (peor 0px) clipV-perdido=0 clipV-soloScrollAnidado=0 (peor 0px) bajoPliegueDelOwnerPrincipal=0 
INVALM [alm-min-1080x700-libdesplegada-vacio] Almacenes 1080x700 SizeClass=Compacto idioma=es libreriaPlegada=False compacto=False contenedor='B¢veda del Vac¡o (40/40)' | estructura: botones/pildoras 9/9 enteros sin desplazar (Banco (40/40), Caja fuerte (40/40), Fragua del Defensor (40/40), B¢veda del Vac¡o (40/40), Guardar conjunto..., Cargar..., A¤adir..., Ordenar, Vaciar contenedor) | nav de pagina 3/3
INVALM [alm-min-1080x700-libdesplegada-vacio] Almacenes 1080x700 SizeClass=Compacto idioma=es libreriaPlegada=False compacto=False contenedor='B¢veda del Vac¡o (40/40)' | Editar: 300x210,5 scrollPropio vp= ext= scr= slot=B¢veda del Vac¡o#0 | estrella favorito '?' 22,2x22 en (945,7,155,3) entera=True
INVALM [alm-min-1080x700-libdesplegada-vacio] Almacenes 1080x700 SizeClass=Compacto idioma=es libreriaPlegada=False compacto=False contenedor='B¢veda del Vac¡o (40/40)' | captura -> C:\Users\adrian\Downloads\Keep\Terrasavr-Win\Terrasavr-Native\Terrakeep.App.Tests\bin\Release\net10.0-windows\keepqa-evidencia\responsive-faseC\invalm-actual-alm-min-1080x700-libdesplegada-vacio.png
INVALM [inv-min-1080x700-EN-libdesplegada] Inventario 1080x700 SizeClass=Compacto idioma=en libreriaPlegada=False compacto=False contenedor='Inventory (50/50)' | pagina vp=297 ext=297 scr=0 ancho=648 | scrollAnidadosV=0: ninguno
INVALM [inv-min-1080x700-EN-libdesplegada] Inventario 1080x700 SizeClass=Compacto idioma=en libreriaPlegada=False compacto=False contenedor='Inventory (50/50)' | rejilla 50 celdas de 40,2px (MinCell=40 MaxCell=90 cols=10) | enteras sin desplazar=50/50 | ancho rejilla 438px de 648px (68 %)
INVALM [inv-min-1080x700-EN-libdesplegada] Inventario 1080x700 SizeClass=Compacto idioma=en libreriaPlegada=False compacto=False contenedor='Inventory (50/50)' | marco 555x263 (rejilla 438 de ancho) | banda vacia bajo el marco dentro de la pagina=0px | fila Libreria=197,8px | celda en MaxCell=False
INVALM [inv-min-1080x700-EN-libdesplegada] Inventario 1080x700 SizeClass=Compacto idioma=en libreriaPlegada=False compacto=False contenedor='Inventory (50/50)' | elementos=79 clipH=0 (peor 0px) clipV-perdido=0 clipV-soloScrollAnidado=0 (peor 0px) bajoPliegueDelOwnerPrincipal=0 
INVALM [inv-min-1080x700-EN-libdesplegada] Inventario 1080x700 SizeClass=Compacto idioma=en libreriaPlegada=False compacto=False contenedor='Inventory (50/50)' | estructura: botones/pildoras 6/6 enteros sin desplazar (Save set..., Load..., Add..., Move everything to storage, Sort, Empty container) | nav de pagina 3/3
INVALM [inv-min-1080x700-EN-libdesplegada] Inventario 1080x700 SizeClass=Compacto idioma=en libreriaPlegada=False compacto=False contenedor='Inventory (50/50)' | Editar: 300x239,8 scrollPropio vp= ext= scr= slot=Inventory#0 | estrella favorito '?' 22,2x22 en (944,2,155,3) entera=True
INVALM [inv-min-1080x700-EN-libdesplegada] Inventario 1080x700 SizeClass=Compacto idioma=en libreriaPlegada=False compacto=False contenedor='Inventory (50/50)' | captura -> C:\Users\adrian\Downloads\Keep\Terrasavr-Win\Terrasavr-Native\Terrakeep.App.Tests\bin\Release\net10.0-windows\keepqa-evidencia\responsive-faseC\invalm-actual-inv-min-1080x700-EN-libdesplegada.png
INVALM [alm-min-1080x700-EN-libdesplegada] Almacenes 1080x700 SizeClass=Compacto idioma=en libreriaPlegada=False compacto=False contenedor='Piggy Bank (40/40)' | pagina vp=293,6 ext=293,6 scr=0 ancho=648 | scrollAnidadosV=0: ninguno
INVALM [alm-min-1080x700-EN-libdesplegada] Almacenes 1080x700 SizeClass=Compacto idioma=en libreriaPlegada=False compacto=False contenedor='Piggy Bank (40/40)' | rejilla 40 celdas de 43,3px (MinCell=40 MaxCell=90 cols=10) | enteras sin desplazar=40/40 | ancho rejilla 468,6px de 648px (72 %)
INVALM [alm-min-1080x700-EN-libdesplegada] Almacenes 1080x700 SizeClass=Compacto idioma=en libreriaPlegada=False compacto=False contenedor='Piggy Bank (40/40)' | marco 492,6x259,6 (rejilla 468,6 de ancho) | banda vacia bajo el marco dentro de la pagina=0px | fila Libreria=201,1px | celda en MaxCell=False
INVALM [alm-min-1080x700-EN-libdesplegada] Almacenes 1080x700 SizeClass=Compacto idioma=en libreriaPlegada=False compacto=False contenedor='Piggy Bank (40/40)' | elementos=71 clipH=0 (peor 0px) clipV-perdido=0 clipV-soloScrollAnidado=0 (peor 0px) bajoPliegueDelOwnerPrincipal=0 
INVALM [alm-min-1080x700-EN-libdesplegada] Almacenes 1080x700 SizeClass=Compacto idioma=en libreriaPlegada=False compacto=False contenedor='Piggy Bank (40/40)' | estructura: botones/pildoras 9/9 enteros sin desplazar (Piggy Bank (40/40), Safe (40/40), Defender's Forge (40/40), Void Vault (40/40), Save set..., Load..., Add..., Sort, Empty container) | nav de pagina 3/3
INVALM [alm-min-1080x700-EN-libdesplegada] Almacenes 1080x700 SizeClass=Compacto idioma=en libreriaPlegada=False compacto=False contenedor='Piggy Bank (40/40)' | Editar: 300x208,5 scrollPropio vp= ext= scr= slot=Piggy Bank#0
INVALM [alm-min-1080x700-EN-libdesplegada] Almacenes 1080x700 SizeClass=Compacto idioma=en libreriaPlegada=False compacto=False contenedor='Piggy Bank (40/40)' | captura -> C:\Users\adrian\Downloads\Keep\Terrasavr-Win\Terrasavr-Native\Terrakeep.App.Tests\bin\Release\net10.0-windows\keepqa-evidencia\responsive-faseC\invalm-actual-alm-min-1080x700-EN-libdesplegada.png
INVALM [inv-min-1080x700-compacto-libdesplegada] Inventario 1080x700 SizeClass=Compacto idioma=es libreriaPlegada=False compacto=True contenedor='Inventario (50/50)' | pagina vp=293,6 ext=293,6 scr=0 ancho=648 | scrollAnidadosV=0: ninguno
INVALM [inv-min-1080x700-compacto-libdesplegada] Inventario 1080x700 SizeClass=Compacto idioma=es libreriaPlegada=False compacto=True contenedor='Inventario (50/50)' | rejilla 50 celdas de 41,1px (MinCell=32 MaxCell=72 cols=10) | enteras sin desplazar=50/50 | ancho rejilla 429,4px de 648px (66 %)
INVALM [inv-min-1080x700-compacto-libdesplegada] Inventario 1080x700 SizeClass=Compacto idioma=es libreriaPlegada=False compacto=True contenedor='Inventario (50/50)' | marco 628,3x259,6 (rejilla 429,4 de ancho) | banda vacia bajo el marco dentro de la pagina=0px | fila Libreria=201,1px | celda en MaxCell=False
INVALM [inv-min-1080x700-compacto-libdesplegada] Inventario 1080x700 SizeClass=Compacto idioma=es libreriaPlegada=False compacto=True contenedor='Inventario (50/50)' | elementos=79 clipH=0 (peor 0px) clipV-perdido=0 clipV-soloScrollAnidado=0 (peor 0px) bajoPliegueDelOwnerPrincipal=0 
INVALM [inv-min-1080x700-compacto-libdesplegada] Inventario 1080x700 SizeClass=Compacto idioma=es libreriaPlegada=False compacto=True contenedor='Inventario (50/50)' | estructura: botones/pildoras 6/6 enteros sin desplazar (Guardar conjunto..., Cargar..., A¤adir..., Mover todo al almac‚n, Ordenar, Vaciar contenedor) | nav de pagina 3/3
INVALM [inv-min-1080x700-compacto-libdesplegada] Inventario 1080x700 SizeClass=Compacto idioma=es libreriaPlegada=False compacto=True contenedor='Inventario (50/50)' | Editar: 300x239,8 scrollPropio vp= ext= scr= slot=Inventario#0 | estrella favorito '?' 22,2x22 en (945,7,155,3) entera=True
INVALM [inv-min-1080x700-compacto-libdesplegada] Inventario 1080x700 SizeClass=Compacto idioma=es libreriaPlegada=False compacto=True contenedor='Inventario (50/50)' | captura -> C:\Users\adrian\Downloads\Keep\Terrasavr-Win\Terrasavr-Native\Terrakeep.App.Tests\bin\Release\net10.0-windows\keepqa-evidencia\responsive-faseC\invalm-actual-inv-min-1080x700-compacto-libdesplegada.png
INVALM [alm-min-1080x700-compacto-libdesplegada] Almacenes 1080x700 SizeClass=Compacto idioma=es libreriaPlegada=False compacto=True contenedor='Banco (40/40)' | pagina vp=293,6 ext=293,6 scr=0 ancho=648 | scrollAnidadosV=0: ninguno
INVALM [alm-min-1080x700-compacto-libdesplegada] Almacenes 1080x700 SizeClass=Compacto idioma=es libreriaPlegada=False compacto=True contenedor='Banco (40/40)' | rejilla 40 celdas de 44,8px (MinCell=32 MaxCell=72 cols=10) | enteras sin desplazar=40/40 | ancho rejilla 465,6px de 648px (72 %)
INVALM [alm-min-1080x700-compacto-libdesplegada] Almacenes 1080x700 SizeClass=Compacto idioma=es libreriaPlegada=False compacto=True contenedor='Banco (40/40)' | marco 545,7x259,6 (rejilla 465,6 de ancho) | banda vacia bajo el marco dentro de la pagina=0px | fila Libreria=201,1px | celda en MaxCell=False
INVALM [alm-min-1080x700-compacto-libdesplegada] Almacenes 1080x700 SizeClass=Compacto idioma=es libreriaPlegada=False compacto=True contenedor='Banco (40/40)' | elementos=71 clipH=0 (peor 0px) clipV-perdido=0 clipV-soloScrollAnidado=0 (peor 0px) bajoPliegueDelOwnerPrincipal=0 
INVALM [alm-min-1080x700-compacto-libdesplegada] Almacenes 1080x700 SizeClass=Compacto idioma=es libreriaPlegada=False compacto=True contenedor='Banco (40/40)' | estructura: botones/pildoras 9/9 enteros sin desplazar (Banco (40/40), Caja fuerte (40/40), Fragua del Defensor (40/40), B¢veda del Vac¡o (40/40), Guardar conjunto..., Cargar..., A¤adir..., Ordenar, Vaciar contenedor) | nav de pagina 3/3
INVALM [alm-min-1080x700-compacto-libdesplegada] Almacenes 1080x700 SizeClass=Compacto idioma=es libreriaPlegada=False compacto=True contenedor='Banco (40/40)' | Editar: 300x208,5 scrollPropio vp= ext= scr= slot=Banco#0
INVALM [alm-min-1080x700-compacto-libdesplegada] Almacenes 1080x700 SizeClass=Compacto idioma=es libreriaPlegada=False compacto=True contenedor='Banco (40/40)' | captura -> C:\Users\adrian\Downloads\Keep\Terrasavr-Win\Terrasavr-Native\Terrakeep.App.Tests\bin\Release\net10.0-windows\keepqa-evidencia\responsive-faseC\invalm-actual-alm-min-1080x700-compacto-libdesplegada.png
INVALM BANNER: tras 'Vaciar contenedor' CanUndoClear=True
INVALM [inv-min-1080x700-banner-deshacer] Inventario 1080x700 SizeClass=Compacto idioma=es libreriaPlegada=False compacto=False contenedor='Inventario (0/50)' | pagina vp=332,9 ext=332,9 scr=0 ancho=648 | scrollAnidadosV=0: ninguno
INVALM [inv-min-1080x700-banner-deshacer] Inventario 1080x700 SizeClass=Compacto idioma=es libreriaPlegada=False compacto=False contenedor='Inventario (0/50)' | rejilla 50 celdas de 40,2px (MinCell=40 MaxCell=90 cols=10) | enteras sin desplazar=50/50 | ancho rejilla 438px de 648px (68 %)
INVALM [inv-min-1080x700-banner-deshacer] Inventario 1080x700 SizeClass=Compacto idioma=es libreriaPlegada=False compacto=False contenedor='Inventario (0/50)' | marco 622,2x298,9 (rejilla 438 de ancho) | banda vacia bajo el marco dentro de la pagina=0px | fila Libreria=190px | celda en MaxCell=False
INVALM [inv-min-1080x700-banner-deshacer] Inventario 1080x700 SizeClass=Compacto idioma=es libreriaPlegada=False compacto=False contenedor='Inventario (0/50)' | elementos=66 clipH=0 (peor 0px) clipV-perdido=0 clipV-soloScrollAnidado=0 (peor 0px) bajoPliegueDelOwnerPrincipal=0 
INVALM [inv-min-1080x700-banner-deshacer] Inventario 1080x700 SizeClass=Compacto idioma=es libreriaPlegada=False compacto=False contenedor='Inventario (0/50)' | estructura: botones/pildoras 7/7 enteros sin desplazar (Guardar conjunto..., Cargar..., A¤adir..., Mover todo al almac‚n, Ordenar, Vaciar contenedor, Deshacer) | nav de pagina 3/3
INVALM [inv-min-1080x700-banner-deshacer] Inventario 1080x700 SizeClass=Compacto idioma=es libreriaPlegada=False compacto=False contenedor='Inventario (0/50)' | Editar: 300x208,5 scrollPropio vp= ext= scr= slot=Banco#0
INVALM [inv-min-1080x700-banner-deshacer] Inventario 1080x700 SizeClass=Compacto idioma=es libreriaPlegada=False compacto=False contenedor='Inventario (0/50)' | captura -> C:\Users\adrian\Downloads\Keep\Terrasavr-Win\Terrasavr-Native\Terrakeep.App.Tests\bin\Release\net10.0-windows\keepqa-evidencia\responsive-faseC\invalm-actual-inv-min-1080x700-banner-deshacer.png
INVALM BANNER: tras 'Deshacer' Inventario 50/50
INVALM [inv-min-1080x700-tras-deshacer] Inventario 1080x700 SizeClass=Compacto idioma=es libreriaPlegada=False compacto=False contenedor='Inventario (50/50)' | pagina vp=297 ext=297 scr=0 ancho=648 | scrollAnidadosV=0: ninguno
INVALM [inv-min-1080x700-tras-deshacer] Inventario 1080x700 SizeClass=Compacto idioma=es libreriaPlegada=False compacto=False contenedor='Inventario (50/50)' | rejilla 50 celdas de 40,2px (MinCell=40 MaxCell=90 cols=10) | enteras sin desplazar=50/50 | ancho rejilla 438px de 648px (68 %)
INVALM [inv-min-1080x700-tras-deshacer] Inventario 1080x700 SizeClass=Compacto idioma=es libreriaPlegada=False compacto=False contenedor='Inventario (50/50)' | marco 628,3x263 (rejilla 438 de ancho) | banda vacia bajo el marco dentro de la pagina=0px | fila Libreria=197,8px | celda en MaxCell=False
INVALM [inv-min-1080x700-tras-deshacer] Inventario 1080x700 SizeClass=Compacto idioma=es libreriaPlegada=False compacto=False contenedor='Inventario (50/50)' | elementos=79 clipH=0 (peor 0px) clipV-perdido=0 clipV-soloScrollAnidado=0 (peor 0px) bajoPliegueDelOwnerPrincipal=0 
INVALM [inv-min-1080x700-tras-deshacer] Inventario 1080x700 SizeClass=Compacto idioma=es libreriaPlegada=False compacto=False contenedor='Inventario (50/50)' | estructura: botones/pildoras 6/6 enteros sin desplazar (Guardar conjunto..., Cargar..., A¤adir..., Mover todo al almac‚n, Ordenar, Vaciar contenedor) | nav de pagina 3/3
INVALM [inv-min-1080x700-tras-deshacer] Inventario 1080x700 SizeClass=Compacto idioma=es libreriaPlegada=False compacto=False contenedor='Inventario (50/50)' | Editar: 300x208,5 scrollPropio vp= ext= scr= slot=Banco#0
INVALM [inv-min-1080x700-tras-deshacer] Inventario 1080x700 SizeClass=Compacto idioma=es libreriaPlegada=False compacto=False contenedor='Inventario (50/50)' | captura -> C:\Users\adrian\Downloads\Keep\Terrasavr-Win\Terrasavr-Native\Terrakeep.App.Tests\bin\Release\net10.0-windows\keepqa-evidencia\responsive-faseC\invalm-actual-inv-min-1080x700-tras-deshacer.png
INVALM CLIC [clic-inv] Inventario 1080x700 libreriaPlegada=False desplazada=False parcial=False: celda en y=389 -> 389 (delta 0px) | scrolls movidos: ninguno | foco de teclado en Border (en el slot=True) | slot seleccionado en Editar=True | ventana activa=True
INVALM CLIC [clic-inv] Inventario 1080x700 libreriaPlegada=False desplazada=True parcial=False: celda en y=389 -> 389 (delta 0px) | scrolls movidos: ninguno | foco de teclado en Border (en el slot=True) | slot seleccionado en Editar=True | ventana activa=True
INVALM CLIC [clic-alm] Almacenes 1080x700 libreriaPlegada=False desplazada=False parcial=False: celda en y=382,6 -> 382,6 (delta 0px) | scrolls movidos: ninguno | foco de teclado en Border (en el slot=True) | slot seleccionado en Editar=True | ventana activa=True
INVALM CLIC [clic-alm] Almacenes 1080x700 libreriaPlegada=False desplazada=True parcial=False: celda en y=382,6 -> 382,6 (delta 0px) | scrolls movidos: ninguno | foco de teclado en Border (en el slot=True) | slot seleccionado en Editar=True | ventana activa=True
INVALM CLIC [clic-equip] Equipamiento 1080x700 libreriaPlegada=False desplazada=False parcial=False: celda en y=358,8 -> 358,8 (delta 0px) | scrolls movidos: ninguno | foco de teclado en Border (en el slot=True) | slot seleccionado en Editar=True | ventana activa=True
INVALM CLIC [clic-equip] Equipamiento 1080x700 libreriaPlegada=False desplazada=True parcial=False: celda en y=343,8 -> 343,8 (delta 0px) | scrolls movidos: ninguno | foco de teclado en Border (en el slot=True) | slot seleccionado en Editar=True | ventana activa=True
INVALM CLIC [clic-equip-parcial-1366x700] Equipamiento 1366x700 libreriaPlegada=False desplazada=False parcial=True: celda en y=373,7 -> 373,7 (delta 0px) | scrolls movidos: ninguno | foco de teclado en Border (en el slot=True) | slot seleccionado en Editar=True | ventana activa=True
INVALM CLIC [clic-inv-parcial-1366x700] Inventario 1366x700 libreriaPlegada=False desplazada=False parcial=True: INCONCLUSIVE - ninguna celda con objeto medio tapada por el borde del viewport (scr=0)
INVALM CLIC [clic-alm-parcial-1366x700] Almacenes 1366x700 libreriaPlegada=False desplazada=False parcial=True: INCONCLUSIVE - ninguna celda con objeto medio tapada por el borde del viewport (scr=0)
INVALM CLIC [clic-equip-parcial-1366x520] Equipamiento 1366x520 libreriaPlegada=False desplazada=False parcial=True: celda en y=297,7 -> 297,7 (delta 0px) | scrolls movidos: ninguno | foco de teclado en Border (en el slot=True) | slot seleccionado en Editar=True | ventana activa=True
INVALM CLIC [clic-inv-parcial-1366x520] Inventario 1366x520 libreriaPlegada=False desplazada=False parcial=True: INCONCLUSIVE - ninguna celda con objeto medio tapada por el borde del viewport (scr=0)
INVALM CLIC [clic-alm-parcial-1366x520] Almacenes 1366x520 libreriaPlegada=False desplazada=False parcial=True: INCONCLUSIVE - ninguna celda con objeto medio tapada por el borde del viewport (scr=0)
INVALM NAV: ObjetosNavToggle1 texto visible='Equipamiento' tooltip='Equipamiento' (esperada etiqueta 'Equipamiento') -> True
INVALM NAV: ObjetosNavToggle2 texto visible='Inventario' tooltip='Inventario' (esperada etiqueta 'Inventario') -> True
INVALM NAV: ObjetosNavToggle3 texto visible='Almacenes' tooltip='Almacenes' (esperada etiqueta 'Almacenes') -> True
INVALM RESIZE grande 1920x1080: mismosVM=True pagina=2 almacen=2 slotEditar=igual libreriaPlegada=False busqueda='sword'
INVALM [alm-resize-grande] Almacenes 1920x1080 SizeClass=Extra idioma=es libreriaPlegada=False compacto=False contenedor='Fragua del Defensor (40/40)' | pagina vp=481,6 ext=480,6 scr=0 ancho=1411,8 | scrollAnidadosV=0: ninguno
INVALM [alm-resize-grande] Almacenes 1920x1080 SizeClass=Extra idioma=es libreriaPlegada=False compacto=False contenedor='Fragua del Defensor (40/40)' | rejilla 40 celdas de 90px (MinCell=40 MaxCell=90 cols=10) | enteras sin desplazar=40/40 | ancho rejilla 936px de 1411,8px (66 %)
INVALM [alm-resize-grande] Almacenes 1920x1080 SizeClass=Extra idioma=es libreriaPlegada=False compacto=False contenedor='Fragua del Defensor (40/40)' | marco 960x446,6 (rejilla 936 de ancho) | banda vacia bajo el marco dentro de la pagina=1px | fila Libreria=391,8px | celda en MaxCell=True
INVALM [alm-resize-grande] Almacenes 1920x1080 SizeClass=Extra idioma=es libreriaPlegada=False compacto=False contenedor='Fragua del Defensor (40/40)' | elementos=58 clipH=0 (peor 0px) clipV-perdido=0 clipV-soloScrollAnidado=0 (peor 0px) bajoPliegueDelOwnerPrincipal=0 
INVALM [alm-resize-grande] Almacenes 1920x1080 SizeClass=Extra idioma=es libreriaPlegada=False compacto=False contenedor='Fragua del Defensor (40/40)' | estructura: botones/pildoras 9/9 enteros sin desplazar (Banco (40/40), Caja fuerte (40/40), Fragua del Defensor (40/40), B¢veda del Vac¡o (40/40), Guardar conjunto..., Cargar..., A¤adir..., Ordenar, Vaciar contenedor) | nav de pagina 3/3
INVALM [alm-resize-grande] Almacenes 1920x1080 SizeClass=Extra idioma=es libreriaPlegada=False compacto=False contenedor='Fragua del Defensor (40/40)' | Editar: 300x213,1 scrollPropio vp= ext= scr= slot=Fragua del Defensor#7
INVALM [alm-resize-grande] Almacenes 1920x1080 SizeClass=Extra idioma=es libreriaPlegada=False compacto=False contenedor='Fragua del Defensor (40/40)' | captura -> C:\Users\adrian\Downloads\Keep\Terrasavr-Win\Terrasavr-Native\Terrakeep.App.Tests\bin\Release\net10.0-windows\keepqa-evidencia\responsive-faseC\invalm-actual-alm-resize-grande.png
INVALM RESIZE normal 1366x768: mismosVM=True pagina=2 almacen=2 slotEditar=igual libreriaPlegada=False busqueda='sword'
INVALM [alm-resize-normal] Almacenes 1366x768 SizeClass=Normal idioma=es libreriaPlegada=False compacto=False contenedor='Fragua del Defensor (40/40)' | pagina vp=334,4 ext=334,4 scr=0 ancho=857,8 | scrollAnidadosV=0: ninguno
INVALM [alm-resize-normal] Almacenes 1366x768 SizeClass=Normal idioma=es libreriaPlegada=False compacto=False contenedor='Fragua del Defensor (40/40)' | rejilla 40 celdas de 53,5px (MinCell=40 MaxCell=90 cols=10) | enteras sin desplazar=40/40 | ancho rejilla 570,6px de 857,8px (67 %)
INVALM [alm-resize-normal] Almacenes 1366x768 SizeClass=Normal idioma=es libreriaPlegada=False compacto=False contenedor='Fragua del Defensor (40/40)' | marco 594,6x300,4 (rejilla 570,6 de ancho) | banda vacia bajo el marco dentro de la pagina=0px | fila Libreria=228,3px | celda en MaxCell=False
INVALM [alm-resize-normal] Almacenes 1366x768 SizeClass=Normal idioma=es libreriaPlegada=False compacto=False contenedor='Fragua del Defensor (40/40)' | elementos=58 clipH=0 (peor 0px) clipV-perdido=0 clipV-soloScrollAnidado=0 (peor 0px) bajoPliegueDelOwnerPrincipal=0 
INVALM [alm-resize-normal] Almacenes 1366x768 SizeClass=Normal idioma=es libreriaPlegada=False compacto=False contenedor='Fragua del Defensor (40/40)' | estructura: botones/pildoras 9/9 enteros sin desplazar (Banco (40/40), Caja fuerte (40/40), Fragua del Defensor (40/40), B¢veda del Vac¡o (40/40), Guardar conjunto..., Cargar..., A¤adir..., Ordenar, Vaciar contenedor) | nav de pagina 3/3
INVALM [alm-resize-normal] Almacenes 1366x768 SizeClass=Normal idioma=es libreriaPlegada=False compacto=False contenedor='Fragua del Defensor (40/40)' | Editar: 300x208,5 scrollPropio vp= ext= scr= slot=Fragua del Defensor#7
INVALM [alm-resize-normal] Almacenes 1366x768 SizeClass=Normal idioma=es libreriaPlegada=False compacto=False contenedor='Fragua del Defensor (40/40)' | captura -> C:\Users\adrian\Downloads\Keep\Terrasavr-Win\Terrasavr-Native\Terrakeep.App.Tests\bin\Release\net10.0-windows\keepqa-evidencia\responsive-faseC\invalm-actual-alm-resize-normal.png
INVALM RESIZE minimo 1080x700: mismosVM=True pagina=2 almacen=2 slotEditar=igual libreriaPlegada=False busqueda='sword'
INVALM [alm-resize-minimo] Almacenes 1080x700 SizeClass=Compacto idioma=es libreriaPlegada=False compacto=False contenedor='Fragua del Defensor (40/40)' | pagina vp=293,6 ext=293,6 scr=0 ancho=648 | scrollAnidadosV=0: ninguno
INVALM [alm-resize-minimo] Almacenes 1080x700 SizeClass=Compacto idioma=es libreriaPlegada=False compacto=False contenedor='Fragua del Defensor (40/40)' | rejilla 40 celdas de 43,3px (MinCell=40 MaxCell=90 cols=10) | enteras sin desplazar=40/40 | ancho rejilla 468,6px de 648px (72 %)
INVALM [alm-resize-minimo] Almacenes 1080x700 SizeClass=Compacto idioma=es libreriaPlegada=False compacto=False contenedor='Fragua del Defensor (40/40)' | marco 545,7x259,6 (rejilla 468,6 de ancho) | banda vacia bajo el marco dentro de la pagina=0px | fila Libreria=201,1px | celda en MaxCell=False
INVALM [alm-resize-minimo] Almacenes 1080x700 SizeClass=Compacto idioma=es libreriaPlegada=False compacto=False contenedor='Fragua del Defensor (40/40)' | elementos=58 clipH=0 (peor 0px) clipV-perdido=0 clipV-soloScrollAnidado=0 (peor 0px) bajoPliegueDelOwnerPrincipal=0 
INVALM [alm-resize-minimo] Almacenes 1080x700 SizeClass=Compacto idioma=es libreriaPlegada=False compacto=False contenedor='Fragua del Defensor (40/40)' | estructura: botones/pildoras 9/9 enteros sin desplazar (Banco (40/40), Caja fuerte (40/40), Fragua del Defensor (40/40), B¢veda del Vac¡o (40/40), Guardar conjunto..., Cargar..., A¤adir..., Ordenar, Vaciar contenedor) | nav de pagina 3/3
INVALM [alm-resize-minimo] Almacenes 1080x700 SizeClass=Compacto idioma=es libreriaPlegada=False compacto=False contenedor='Fragua del Defensor (40/40)' | Editar: 300x208,5 scrollPropio vp= ext= scr= slot=Fragua del Defensor#7
INVALM [alm-resize-minimo] Almacenes 1080x700 SizeClass=Compacto idioma=es libreriaPlegada=False compacto=False contenedor='Fragua del Defensor (40/40)' | captura -> C:\Users\adrian\Downloads\Keep\Terrasavr-Win\Terrasavr-Native\Terrakeep.App.Tests\bin\Release\net10.0-windows\keepqa-evidencia\responsive-faseC\invalm-actual-alm-resize-minimo.png
INVALM RESIZE grande-vuelta 1920x1080: mismosVM=True pagina=2 almacen=2 slotEditar=igual libreriaPlegada=False busqueda='sword'
INVALM [alm-resize-grande-vuelta] Almacenes 1920x1080 SizeClass=Extra idioma=es libreriaPlegada=False compacto=False contenedor='Fragua del Defensor (40/40)' | pagina vp=481,6 ext=480,6 scr=0 ancho=1411,8 | scrollAnidadosV=0: ninguno
INVALM [alm-resize-grande-vuelta] Almacenes 1920x1080 SizeClass=Extra idioma=es libreriaPlegada=False compacto=False contenedor='Fragua del Defensor (40/40)' | rejilla 40 celdas de 90px (MinCell=40 MaxCell=90 cols=10) | enteras sin desplazar=40/40 | ancho rejilla 936px de 1411,8px (66 %)
INVALM [alm-resize-grande-vuelta] Almacenes 1920x1080 SizeClass=Extra idioma=es libreriaPlegada=False compacto=False contenedor='Fragua del Defensor (40/40)' | marco 960x446,6 (rejilla 936 de ancho) | banda vacia bajo el marco dentro de la pagina=1px | fila Libreria=391,8px | celda en MaxCell=True
INVALM [alm-resize-grande-vuelta] Almacenes 1920x1080 SizeClass=Extra idioma=es libreriaPlegada=False compacto=False contenedor='Fragua del Defensor (40/40)' | elementos=58 clipH=0 (peor 0px) clipV-perdido=0 clipV-soloScrollAnidado=0 (peor 0px) bajoPliegueDelOwnerPrincipal=0 
INVALM [alm-resize-grande-vuelta] Almacenes 1920x1080 SizeClass=Extra idioma=es libreriaPlegada=False compacto=False contenedor='Fragua del Defensor (40/40)' | estructura: botones/pildoras 9/9 enteros sin desplazar (Banco (40/40), Caja fuerte (40/40), Fragua del Defensor (40/40), B¢veda del Vac¡o (40/40), Guardar conjunto..., Cargar..., A¤adir..., Ordenar, Vaciar contenedor) | nav de pagina 3/3
INVALM [alm-resize-grande-vuelta] Almacenes 1920x1080 SizeClass=Extra idioma=es libreriaPlegada=False compacto=False contenedor='Fragua del Defensor (40/40)' | Editar: 300x213,1 scrollPropio vp= ext= scr= slot=Fragua del Defensor#7
INVALM [alm-resize-grande-vuelta] Almacenes 1920x1080 SizeClass=Extra idioma=es libreriaPlegada=False compacto=False contenedor='Fragua del Defensor (40/40)' | captura -> C:\Users\adrian\Downloads\Keep\Terrasavr-Win\Terrasavr-Native\Terrakeep.App.Tests\bin\Release\net10.0-windows\keepqa-evidencia\responsive-faseC\invalm-actual-alm-resize-grande-vuelta.png
INVALM VIEJO: ScrollViewer dentro de ObjetosPaginaInventario (visibles o no) = 0, dentro de ObjetosPaginaAlmacenes = 0 (esperado 0 y 0; antes 1 y 1, el de ContainerCompactTemplate)
INVALM VIEJO: recurso ContainerCompactTemplate existe = False (esperado False)
INVALM RESUMEN:
  inv-primera-entrada-1080x700-libdesplegada: vp=297 ext=297 scr=0 anidados=0 celda=40,2 enteras=50/50 rejilla=438/648 | Editar: 300x239,8 scrollPropio vp= ext= scr= slot=Inventario#0 | estrella favorito '?' 22,2x22 en (945,7,155,3) entera=True
  alm-primera-entrada-1080x700-libdesplegada: vp=293,6 ext=293,6 scr=0 anidados=0 celda=43,3 enteras=40/40 rejilla=469/648 | Editar: 300x208,5 scrollPropio vp= ext= scr= slot=Banco#0
  inv-min-1080x700-libplegada: vp=455,1 ext=390 scr=0 anidados=0 celda=58,8 enteras=50/50 rejilla=624/648 | Editar: 300x239,8 scrollPropio vp= ext= scr= slot=Inventario#0 | estrella favorito '?' 22,2x22 en (945,7,155,3) entera=True
  alm-min-1080x700-libplegada: vp=455,1 ext=355,8 scr=0 anidados=0 celda=58,8 enteras=40/40 rejilla=624/648 | Editar: 300x208,5 scrollPropio vp= ext= scr= slot=Banco#0
  inv-min-1080x700-libdesplegada: vp=297 ext=297 scr=0 anidados=0 celda=40,2 enteras=50/50 rejilla=438/648 | Editar: 300x239,8 scrollPropio vp= ext= scr= slot=Inventario#0 | estrella favorito '?' 22,2x22 en (945,7,155,3) entera=True
  alm-min-1080x700-libdesplegada: vp=293,6 ext=293,6 scr=0 anidados=0 celda=43,3 enteras=40/40 rejilla=469/648 | Editar: 300x208,5 scrollPropio vp= ext= scr= slot=Banco#0
  inv-medio-1366x768-libplegada: vp=523,1 ext=494,9 scr=0 anidados=0 celda=79,8 enteras=50/50 rejilla=834/858 | Editar: 300x333,3 scrollPropio vp= ext= scr= slot=Inventario#0 | estrella favorito '?' 22,2x22 en (1231,7,155,3) entera=True
  alm-medio-1366x768-libplegada: vp=523,1 ext=439,7 scr=0 anidados=0 celda=79,8 enteras=40/40 rejilla=834/858 | Editar: 300x208,5 scrollPropio vp= ext= scr= slot=Banco#0
  inv-medio-1366x768-libdesplegada: vp=334,4 ext=334,4 scr=0 anidados=0 celda=47,7 enteras=50/50 rejilla=513/858 | Editar: 300x239,8 scrollPropio vp= ext= scr= slot=Inventario#0 | estrella favorito '?' 22,2x22 en (1231,7,155,3) entera=True
  alm-medio-1366x768-libdesplegada: vp=334,4 ext=334,4 scr=0 anidados=0 celda=53,5 enteras=40/40 rejilla=571/858 | Editar: 300x208,5 scrollPropio vp= ext= scr= slot=Banco#0
  inv-amplio-1520x860-libdesplegada: vp=389,6 ext=389,6 scr=0 anidados=0 celda=58,7 enteras=50/50 rejilla=623/1012 | Editar: 300x239,8 scrollPropio vp= ext= scr= slot=Inventario#0 | estrella favorito '?' 22,2x22 en (1385,7,155,3) entera=True
  alm-amplio-1520x860-libdesplegada: vp=389,6 ext=389,6 scr=0 anidados=0 celda=67,3 enteras=40/40 rejilla=709/1012 | Editar: 300x208,5 scrollPropio vp= ext= scr= slot=Banco#0
  inv-grande-1920x1080-libdesplegada: vp=520,8 ext=520,8 scr=0 anidados=0 celda=85 enteras=50/50 rejilla=886/1412 | Editar: 300x339,2 scrollPropio vp= ext= scr= slot=Inventario#0 | estrella favorito '?' 22,2x22 en (1785,7,156,6) entera=True
  alm-grande-1920x1080-libdesplegada: vp=481,6 ext=480,6 scr=0 anidados=0 celda=90 enteras=40/40 rejilla=936/1412 | Editar: 300x213,1 scrollPropio vp= ext= scr= slot=Banco#0
  inv-extra-2560x1440-libdesplegada: vp=547 ext=546 scr=0 anidados=0 celda=90 enteras=50/50 rejilla=936/2052 | Editar: 300x339,2 scrollPropio vp= ext= scr= slot=Inventario#0 | estrella favorito '?' 22,2x22 en (2425,7,156,6) entera=True
  alm-extra-2560x1440-libdesplegada: vp=481,6 ext=480,6 scr=0 anidados=0 celda=90 enteras=40/40 rejilla=936/2052 | Editar: 300x213,1 scrollPropio vp= ext= scr= slot=Banco#0
  inv-maximizado-libdesplegada: vp=547 ext=546 scr=0 anidados=0 celda=90 enteras=50/50 rejilla=936/2068 | Editar: 300x339,2 scrollPropio vp= ext= scr= slot=Inventario#0 | estrella favorito '?' 22,2x22 en (2441,7,156,6) entera=True
  alm-maximizado-libdesplegada: vp=481,6 ext=480,6 scr=0 anidados=0 celda=90 enteras=40/40 rejilla=936/2068 | Editar: 300x213,1 scrollPropio vp= ext= scr= slot=Banco#0
  alm-min-1080x700-libdesplegada-cajafuerte: vp=293,6 ext=293,6 scr=0 anidados=0 celda=43,3 enteras=40/40 rejilla=469/648 | Editar: 300x208,5 scrollPropio vp= ext= scr= slot=Caja fuerte#0
  alm-min-1080x700-libdesplegada-forja: vp=293,6 ext=293,6 scr=0 anidados=0 celda=43,3 enteras=40/40 rejilla=469/648 | Editar: 300x208,5 scrollPropio vp= ext= scr= slot=Fragua del Defensor#0
  alm-min-1080x700-libdesplegada-vacio: vp=293,6 ext=293,6 scr=0 anidados=0 celda=43,3 enteras=40/40 rejilla=469/648 | Editar: 300x210,5 scrollPropio vp= ext= scr= slot=B¢veda del Vac¡o#0 | estrella favorito '?' 22,2x22 en (945,7,155,3) entera=True
  inv-min-1080x700-EN-libdesplegada: vp=297 ext=297 scr=0 anidados=0 celda=40,2 enteras=50/50 rejilla=438/648 | Editar: 300x239,8 scrollPropio vp= ext= scr= slot=Inventory#0 | estrella favorito '?' 22,2x22 en (944,2,155,3) entera=True
  alm-min-1080x700-EN-libdesplegada: vp=293,6 ext=293,6 scr=0 anidados=0 celda=43,3 enteras=40/40 rejilla=469/648 | Editar: 300x208,5 scrollPropio vp= ext= scr= slot=Piggy Bank#0
  inv-min-1080x700-compacto-libdesplegada: vp=293,6 ext=293,6 scr=0 anidados=0 celda=41,1 enteras=50/50 rejilla=429/648 | Editar: 300x239,8 scrollPropio vp= ext= scr= slot=Inventario#0 | estrella favorito '?' 22,2x22 en (945,7,155,3) entera=True
  alm-min-1080x700-compacto-libdesplegada: vp=293,6 ext=293,6 scr=0 anidados=0 celda=44,8 enteras=40/40 rejilla=466/648 | Editar: 300x208,5 scrollPropio vp= ext= scr= slot=Banco#0
  inv-min-1080x700-banner-deshacer: vp=332,9 ext=332,9 scr=0 anidados=0 celda=40,2 enteras=50/50 rejilla=438/648 | Editar: 300x208,5 scrollPropio vp= ext= scr= slot=Banco#0
  inv-min-1080x700-tras-deshacer: vp=297 ext=297 scr=0 anidados=0 celda=40,2 enteras=50/50 rejilla=438/648 | Editar: 300x208,5 scrollPropio vp= ext= scr= slot=Banco#0
  alm-resize-grande: vp=481,6 ext=480,6 scr=0 anidados=0 celda=90 enteras=40/40 rejilla=936/1412 | Editar: 300x213,1 scrollPropio vp= ext= scr= slot=Fragua del Defensor#7
  alm-resize-normal: vp=334,4 ext=334,4 scr=0 anidados=0 celda=53,5 enteras=40/40 rejilla=571/858 | Editar: 300x208,5 scrollPropio vp= ext= scr= slot=Fragua del Defensor#7
  alm-resize-minimo: vp=293,6 ext=293,6 scr=0 anidados=0 celda=43,3 enteras=40/40 rejilla=469/648 | Editar: 300x208,5 scrollPropio vp= ext= scr= slot=Fragua del Defensor#7
  alm-resize-grande-vuelta: vp=481,6 ext=480,6 scr=0 anidados=0 celda=90 enteras=40/40 rejilla=936/1412 | Editar: 300x213,1 scrollPropio vp= ext= scr= slot=Fragua del Defensor#7
INVALM_RESPONSIVE_SOLO: 0 fallo(s)
DONE (INVALM_RESPONSIVE_SOLO)
CAPTURAS-VALIDACION: 35 captura(s) de esta ejecucion revisadas, 35 con contenido real, 0 INCONCLUSIVE (en blanco)
AISLAMIENTO-ESTADO: los 4 JSON reales de C:\Users\adrian\AppData\Local\Terrakeep siguen con el MISMO SHA256 que al arrancar (ProcessExit); escrituras bloqueadas por la guarda=0
