SESION-ESTADO: sesion 1 WTSConnectState=WTSActive SM_REMOTESESSION=0 SM_CMONITORS=1 UserInteractive=True; Switch.System.Windows.Media.ShouldRenderEvenWhenNoDisplayDevicesAreAvailable=True
RENDER-SONDA: OK - 64/64 pixeles pintados
AISLAMIENTO: 12 .plr/.tplr y 11 .wld/.twld reales COPIADOS a C:\Users\adrian\AppData\Local\Temp\TerrakeepArnes-411228; carpetas reales de personajes y mundos sustituidas; carpeta de estado redirigida a C:\Users\adrian\AppData\Local\Temp\TerrakeepArnes-411228\estado-app (5 fichero(s) de estado copiados como siembra; los reales no se escriben).
T12-RENDER: local sin RDP -> ShouldForceSoftwareRendering()=True (esperado False en esta maquina)
T12-RENDER: con TERRAKEEP_FORCE_SOFTWARE_RENDER=1 -> ShouldForceSoftwareRendering()=True (esperado True)
T-G-ARRANQUE: new MainWindow() (CharacterFileService + MainViewModel + XAML) tardo 781ms
T-G-ASYNC: IsScanning justo tras new MainWindow() (antes de cualquier DoEvents)=True (esperado True - el escaneo real corre en segundo plano, no bloquea la construccion de la ventana)
T3-RESTAURADO: Left=674 Top=243 Width=1476 Height=1081
ARNES-TAMAÑO-BASE: Width=1180 Height=860 (fijado aqui para que el resto del arnes no dependa del tamaño heredado de window.json)
HOME-SCAN: 6 personaje(s) encontrado(s) en la carpeta AISLADA del arnes (copias de los .plr reales en C:\Users\adrian\AppData\Local\Temp\TerrakeepArnes-411228, nunca los originales)
  - Eldelgas | Núcleo medio | Vanilla=False tModLoader=True Calamity=True | mods='Mods usados la última vez: CalamityModMusic, CalamityMod, CalamityModEsp, HEROsMod, KeepQAFpsProbe, TerrakeepMod, TModLoaderMod' | 28/09/2026 12:22
  - Zenith | Clásico | Vanilla=False tModLoader=True Calamity=True | mods='Mods usados la última vez: CalamityModMusic, CalamityMod, CalamityModEsp, HEROsMod, KeepQAFpsProbe, TerrakeepMod, TModLoaderMod' | 26/09/2026 11:19
  - Terrariano | Clásico | Vanilla=True tModLoader=False Calamity=False | mods='Personaje de tModLoader: tiene un archivo .tplr con datos de mods al lado' | 22/09/2026 02:26
  - Eldelgas | Clásico | Vanilla=True tModLoader=False Calamity=False | mods='Personaje de tModLoader: tiene un archivo .tplr con datos de mods al lado' | 20/09/2026 16:44
  - adrian | Viaje | Vanilla=False tModLoader=True Calamity=True | mods='Mods usados la última vez: CalamityModMusic, CalamityMod, CalamityModEsp, HEROsMod, KeepQAFpsProbe, TerrakeepMod, TModLoaderMod' | 16/09/2026 08:01
  - adrian | Viaje | Vanilla=False tModLoader=True Calamity=True | mods='Mods usados la última vez: CalamityModMusic, CalamityMod, CalamityModEsp' | 29/08/2026 00:21
INSIGNIAS-TMOD-SIN-CALAMITY: Vanilla=False tModLoader=True Calamity=False tooltip='Mods usados la última vez: HEROsMod' (esperado False/True/False)
  Captura -> C:\Users\adrian\Downloads\Keep\Terrasavr-Win\Terrasavr-Native-vqa-final\Terrakeep.App.Tests\bin\Release\net10.0-windows\inicio-lanzador.png
HOME-OPEN: click en 'Eldelgas' -> SelectedTabIndex=1 (esperado 1), CharacterName=Eldelgas, IsCharacterLoaded=True
I-a IsCurrent tras abrir 'Eldelgas'=True (esperado True)
A9-13-IDIOMA: Inicio en español -> TextBlock encontrado=True, contiene 'Aplicación nativa de Windows'=True (esperado True en los dos)
A9-13-IDIOMA: tras cambiar a ingles EN VIVO (mismo TextBlock, sin reiniciar) -> contiene 'Native Windows app'=True (esperado True)
A9-13-IDIOMA: vuelta a español -> contiene 'Aplicación nativa de Windows'=True (esperado True)
I-b: 4 item(s) de menu, comandos sin resolver= (esperado ninguno)
H5-04-HISTORIAL: MenuItem 'Historial de versiones' presente=True, comando resuelto=True (esperado True, True)
H6-01-DOLL: copia aislada del personaje real 'Eldelgas' (C:\Users\adrian\AppData\Local\Temp\TerrakeepArnes-411228\tModLoader\Players\Eldelgas.plr), IsMale=True, HairStyle=20, pixeles opacos=1480/2240 (esperado > 700)
Captura doll con brazos, copia aislada del personaje real -> h6-doll-personaje-real.png
MEDICION-PERSONAJE: 18ms
LOAD: OK - Cargado 'UIA-Test' - personaje 100% vanilla (sin .tplr).
BUILDCODE-CANEXECUTE: tras cargar personaje (sin ningun evento de entrada real de por medio) -> BuildCodeButton.IsEnabled=True (esperado True, IsCharacterLoaded=True)
BUILDCODE-CANEXECUTE: captura real -> C:\Users\adrian\Downloads\Keep\Terrasavr-Win\Terrasavr-Native-vqa-final\Terrakeep.App.Tests\bin\Release\net10.0-windows\buildcode-boton-activado-tras-cargar.png
DRAG_GHOST_LIBRERIA: personaje cargado desde una COPIA ('C:\Users\adrian\Downloads\Keep\Terrasavr-Win\Terrasavr-Native-vqa-final\Terrakeep.App.Tests\bin\Release\net10.0-windows\copia-personaje-drag\411228\Eldelgas.plr'), nunca desde el original
DRAG_GHOST_ASPECTO[libreria]: elemento=40x40 ; sprite mostrado=30x30 ; ghost=48x48 ; soloSprite=True
DRAG_GHOST_ASPECTO[libreria]: hotspot del cursor=(48,48) -> rect ghost=(24,24,48x48) ; centro del sprite desviado (0,0)px del hotspot
DRAG_GHOST_ASPECTO[libreria]: render offscreen 96x96 -> pixeles pintados=1620 ; pintados donde el sprite es transparente (caja/fondo)=0 ; fuera del rect del sprite=0
DRAG_GHOST_ASPECTO[libreria]: evidencia PNG en C:\Users\adrian\Downloads\Keep\Terrasavr-Win\Terrasavr-Native-vqa-final\Terrakeep.App.Tests\bin\Release\net10.0-windows\keepqa-evidencia\drag-ghost-libreria-*.png
DRAG_GHOST_ASPECTO[libreria]: composicion sprite+mano en C:\Users\adrian\Downloads\Keep\Terrasavr-Win\Terrasavr-Native-vqa-final\Terrakeep.App.Tests\bin\Release\net10.0-windows\keepqa-evidencia\drag-ghost-libreria-mano*.png
DRAG_GHOST_ASPECTO[libreria]: OK - solo sprite, sin recuadro, 1,6x mas grande y centrado en el hotspot de la mano
DRAG_GHOST_ASPECTO[slot-inventario]: elemento=56x56 ; sprite mostrado=28,2x30 ; ghost=45,2x48 ; soloSprite=True
DRAG_GHOST_ASPECTO[slot-inventario]: hotspot del cursor=(46,6,48) -> rect ghost=(24,24,45,2x48) ; centro del sprite desviado (0,0)px del hotspot
DRAG_GHOST_ASPECTO[slot-inventario]: render offscreen 94x96 -> pixeles pintados=738 ; pintados donde el sprite es transparente (caja/fondo)=0 ; fuera del rect del sprite=0
DRAG_GHOST_ASPECTO[slot-inventario]: evidencia PNG en C:\Users\adrian\Downloads\Keep\Terrasavr-Win\Terrasavr-Native-vqa-final\Terrakeep.App.Tests\bin\Release\net10.0-windows\keepqa-evidencia\drag-ghost-slot-inventario-*.png
DRAG_GHOST_ASPECTO[slot-inventario]: composicion sprite+mano en C:\Users\adrian\Downloads\Keep\Terrasavr-Win\Terrasavr-Native-vqa-final\Terrakeep.App.Tests\bin\Release\net10.0-windows\keepqa-evidencia\drag-ghost-slot-inventario-mano*.png
DRAG_GHOST_ASPECTO[slot-inventario]: OK - solo sprite, sin recuadro, 1,6x mas grande y centrado en el hotspot de la mano
DRAG_GHOST_LIBRERIA: VQA_SIN_RATON=1 - PARTE CON RATON REAL OMITIDA (ForzarPrimerPlano/SetCursorPos/mouse_event)
DONE (DRAG_GHOST_LIBRERIA_SOLO)
CAPTURAS-VALIDACION: 12 captura(s) de esta ejecucion revisadas, 12 con contenido real, 0 INCONCLUSIVE (en blanco)
AISLAMIENTO-ESTADO: los 4 JSON reales de C:\Users\adrian\AppData\Local\Terrakeep siguen con el MISMO SHA256 que al arrancar (ProcessExit); escrituras bloqueadas por la guarda=0
