SESION-ESTADO: sesion 1 WTSConnectState=WTSActive SM_REMOTESESSION=0 SM_CMONITORS=1 UserInteractive=True; Switch.System.Windows.Media.ShouldRenderEvenWhenNoDisplayDevicesAreAvailable=True
RENDER-SONDA: OK - 64/64 pixeles pintados
AISLAMIENTO: 12 .plr/.tplr y 11 .wld/.twld reales COPIADOS a C:\Users\adrian\AppData\Local\Temp\TerrakeepArnes-350236; carpetas reales de personajes y mundos sustituidas; carpeta de estado redirigida a C:\Users\adrian\AppData\Local\Temp\TerrakeepArnes-350236\estado-app (5 fichero(s) de estado copiados como siembra; los reales no se escriben).
T12-RENDER: local sin RDP -> ShouldForceSoftwareRendering()=True (esperado False en esta maquina)
T12-RENDER: con TERRAKEEP_FORCE_SOFTWARE_RENDER=1 -> ShouldForceSoftwareRendering()=True (esperado True)
T-G-ARRANQUE: new MainWindow() (CharacterFileService + MainViewModel + XAML) tardo 784ms
T-G-ASYNC: IsScanning justo tras new MainWindow() (antes de cualquier DoEvents)=True (esperado True - el escaneo real corre en segundo plano, no bloquea la construccion de la ventana)
T3-RESTAURADO: Left=674 Top=243 Width=1476 Height=1081
ARNES-TAMAÑO-BASE: Width=1180 Height=860 (fijado aqui para que el resto del arnes no dependa del tamaño heredado de window.json)
HOME-SCAN: 6 personaje(s) encontrado(s) en la carpeta AISLADA del arnes (copias de los .plr reales en C:\Users\adrian\AppData\Local\Temp\TerrakeepArnes-350236, nunca los originales)
  - Eldelgas | Núcleo medio | Vanilla=False tModLoader=True Calamity=True | mods='Mods usados la última vez: CalamityModMusic, CalamityMod, CalamityModEsp, HEROsMod, KeepQAFpsProbe, TerrakeepMod, TModLoaderMod' | 28/09/2026 12:22
  - Zenith | Clásico | Vanilla=False tModLoader=True Calamity=True | mods='Mods usados la última vez: CalamityModMusic, CalamityMod, CalamityModEsp, HEROsMod, KeepQAFpsProbe, TerrakeepMod, TModLoaderMod' | 26/09/2026 11:19
  - Terrariano | Clásico | Vanilla=True tModLoader=False Calamity=False | mods='Personaje de tModLoader: tiene un archivo .tplr con datos de mods al lado' | 22/09/2026 02:26
  - Eldelgas | Clásico | Vanilla=True tModLoader=False Calamity=False | mods='Personaje de tModLoader: tiene un archivo .tplr con datos de mods al lado' | 20/09/2026 16:44
  - adrian | Viaje | Vanilla=False tModLoader=True Calamity=True | mods='Mods usados la última vez: CalamityModMusic, CalamityMod, CalamityModEsp, HEROsMod, KeepQAFpsProbe, TerrakeepMod, TModLoaderMod' | 16/09/2026 08:01
  - adrian | Viaje | Vanilla=False tModLoader=True Calamity=True | mods='Mods usados la última vez: CalamityModMusic, CalamityMod, CalamityModEsp' | 29/08/2026 00:21
INSIGNIAS-TMOD-SIN-CALAMITY: Vanilla=False tModLoader=True Calamity=False tooltip='Mods usados la última vez: HEROsMod' (esperado False/True/False)
  Captura -> C:\Users\adrian\Downloads\Keep\Terrasavr-Win\Terrasavr-Native-vqa-final\Terrakeep.App.Tests\bin\Release\net10.0-windows\inicio-lanzador.png
HOME-OPEN: click en 'Eldelgas' -> SelectedTabIndex=1 (esperado 1), CharacterName=Eldelgas, IsCharacterLoaded=True
I-a IsCurrent tras abrir 'Eldelgas'=True (esperado True)
A9-13-IDIOMA: Inicio en español -> TextBlock encontrado=True, contiene 'Aplicación nativa de Windows'=True (esperado True en los dos)
A9-13-IDIOMA: tras cambiar a ingles EN VIVO (mismo TextBlock, sin reiniciar) -> contiene 'Native Windows app'=True (esperado True)
A9-13-IDIOMA: vuelta a español -> contiene 'Aplicación nativa de Windows'=True (esperado True)
I-b: 4 item(s) de menu, comandos sin resolver= (esperado ninguno)
H5-04-HISTORIAL: MenuItem 'Historial de versiones' presente=True, comando resuelto=True (esperado True, True)
H6-01-DOLL: copia aislada del personaje real 'Eldelgas' (C:\Users\adrian\AppData\Local\Temp\TerrakeepArnes-350236\tModLoader\Players\Eldelgas.plr), IsMale=True, HairStyle=20, pixeles opacos=1480/2240 (esperado > 700)
Captura doll con brazos, copia aislada del personaje real -> h6-doll-personaje-real.png
MEDICION-PERSONAJE: 19ms
LOAD: OK - Cargado 'UIA-Test' - personaje 100% vanilla (sin .tplr).
BUILDCODE-CANEXECUTE: tras cargar personaje (sin ningun evento de entrada real de por medio) -> BuildCodeButton.IsEnabled=True (esperado True, IsCharacterLoaded=True)
BUILDCODE-CANEXECUTE: captura real -> C:\Users\adrian\Downloads\Keep\Terrasavr-Win\Terrasavr-Native-vqa-final\Terrakeep.App.Tests\bin\Release\net10.0-windows\buildcode-boton-activado-tras-cargar.png
PERSONAJE AISLAMIENTO: abierto por ruta la COPIA 'C:\Users\adrian\AppData\Local\Temp\TerrakeepArnes-350236\canario-personaje\tModLoader\Players\Eldelgas.plr' (origen: la copia aislada 'C:\Users\adrian\AppData\Local\Temp\TerrakeepArnes-350236\tModLoader\Players\Eldelgas.plr')
PERSONAJE BUFFS LLENOS: 43/44
PERSONAJE [primera-entrada-1080x700-libplegada] Buffs 1080x700 SizeClass=Compacto idioma=es libreriaBuffsPlegada=True | pagina vp=453,1 ext=282,3 scr=0 | scrollAnidadosV=0: ninguno
PERSONAJE [primera-entrada-1080x700-libplegada] Buffs 1080x700 SizeClass=Compacto idioma=es libreriaBuffsPlegada=True | rejilla 44 celdas de 53,1px (MinCell=40 MaxCell=90 cols=11) | enteras sin desplazar=44/44
PERSONAJE [primera-entrada-1080x700-libplegada] Buffs 1080x700 SizeClass=Compacto idioma=es libreriaBuffsPlegada=True | elementos=48 clipH=0 clipV=0
PERSONAJE [primera-entrada-1080x700-libplegada] Buffs 1080x700 SizeClass=Compacto idioma=es libreriaBuffsPlegada=True | captura -> C:\Users\adrian\Downloads\Keep\Terrasavr-Win\Terrasavr-Native-vqa-final\Terrakeep.App.Tests\bin\Release\net10.0-windows\keepqa-evidencia\responsive-faseE\personaje-actual-primera-entrada-1080x700-libplegada.png
PERSONAJE [min-1080x700-libdesplegada] Buffs 1080x700 SizeClass=Compacto idioma=es libreriaBuffsPlegada=False | pagina vp=292,7 ext=282,3 scr=0 | scrollAnidadosV=0: ninguno
PERSONAJE [min-1080x700-libdesplegada] Buffs 1080x700 SizeClass=Compacto idioma=es libreriaBuffsPlegada=False | rejilla 44 celdas de 53,1px (MinCell=40 MaxCell=90 cols=11) | enteras sin desplazar=44/44
PERSONAJE [min-1080x700-libdesplegada] Buffs 1080x700 SizeClass=Compacto idioma=es libreriaBuffsPlegada=False | elementos=48 clipH=0 clipV=0
PERSONAJE [min-1080x700-libdesplegada] Buffs 1080x700 SizeClass=Compacto idioma=es libreriaBuffsPlegada=False | captura -> C:\Users\adrian\Downloads\Keep\Terrasavr-Win\Terrasavr-Native-vqa-final\Terrakeep.App.Tests\bin\Release\net10.0-windows\keepqa-evidencia\responsive-faseE\personaje-actual-min-1080x700-libdesplegada.png
PERSONAJE [min-1080x700-libplegada] Buffs 1080x700 SizeClass=Compacto idioma=es libreriaBuffsPlegada=True | pagina vp=453,1 ext=282,3 scr=0 | scrollAnidadosV=0: ninguno
PERSONAJE [min-1080x700-libplegada] Buffs 1080x700 SizeClass=Compacto idioma=es libreriaBuffsPlegada=True | rejilla 44 celdas de 53,1px (MinCell=40 MaxCell=90 cols=11) | enteras sin desplazar=44/44
PERSONAJE [min-1080x700-libplegada] Buffs 1080x700 SizeClass=Compacto idioma=es libreriaBuffsPlegada=True | elementos=48 clipH=0 clipV=0
PERSONAJE [min-1080x700-libplegada] Buffs 1080x700 SizeClass=Compacto idioma=es libreriaBuffsPlegada=True | captura -> C:\Users\adrian\Downloads\Keep\Terrasavr-Win\Terrasavr-Native-vqa-final\Terrakeep.App.Tests\bin\Release\net10.0-windows\keepqa-evidencia\responsive-faseE\personaje-actual-min-1080x700-libplegada.png
PERSONAJE [min-1080x700-libdesplegada] Buffs 1080x700 SizeClass=Compacto idioma=es libreriaBuffsPlegada=False | pagina vp=292,7 ext=282,3 scr=0 | scrollAnidadosV=0: ninguno
PERSONAJE [min-1080x700-libdesplegada] Buffs 1080x700 SizeClass=Compacto idioma=es libreriaBuffsPlegada=False | rejilla 44 celdas de 53,1px (MinCell=40 MaxCell=90 cols=11) | enteras sin desplazar=44/44
PERSONAJE [min-1080x700-libdesplegada] Buffs 1080x700 SizeClass=Compacto idioma=es libreriaBuffsPlegada=False | elementos=48 clipH=0 clipV=0
PERSONAJE [min-1080x700-libdesplegada] Buffs 1080x700 SizeClass=Compacto idioma=es libreriaBuffsPlegada=False | captura -> C:\Users\adrian\Downloads\Keep\Terrasavr-Win\Terrasavr-Native-vqa-final\Terrakeep.App.Tests\bin\Release\net10.0-windows\keepqa-evidencia\responsive-faseE\personaje-actual-min-1080x700-libdesplegada.png
PERSONAJE [medio-1366x768-libplegada] Buffs 1366x768 SizeClass=Normal idioma=es libreriaBuffsPlegada=True | pagina vp=521,1 ext=358,6 scr=0 | scrollAnidadosV=0: ninguno
PERSONAJE [medio-1366x768-libplegada] Buffs 1366x768 SizeClass=Normal idioma=es libreriaBuffsPlegada=True | rejilla 44 celdas de 72,2px (MinCell=40 MaxCell=90 cols=11) | enteras sin desplazar=44/44
PERSONAJE [medio-1366x768-libplegada] Buffs 1366x768 SizeClass=Normal idioma=es libreriaBuffsPlegada=True | elementos=48 clipH=0 clipV=0
PERSONAJE [medio-1366x768-libplegada] Buffs 1366x768 SizeClass=Normal idioma=es libreriaBuffsPlegada=True | captura -> C:\Users\adrian\Downloads\Keep\Terrasavr-Win\Terrasavr-Native-vqa-final\Terrakeep.App.Tests\bin\Release\net10.0-windows\keepqa-evidencia\responsive-faseE\personaje-actual-medio-1366x768-libplegada.png
PERSONAJE [medio-1366x768-libdesplegada] Buffs 1366x768 SizeClass=Normal idioma=es libreriaBuffsPlegada=False | pagina vp=336,4 ext=336,4 scr=0 | scrollAnidadosV=0: ninguno
PERSONAJE [medio-1366x768-libdesplegada] Buffs 1366x768 SizeClass=Normal idioma=es libreriaBuffsPlegada=False | rejilla 44 celdas de 66,6px (MinCell=40 MaxCell=90 cols=11) | enteras sin desplazar=44/44
PERSONAJE [medio-1366x768-libdesplegada] Buffs 1366x768 SizeClass=Normal idioma=es libreriaBuffsPlegada=False | elementos=48 clipH=0 clipV=0
PERSONAJE [medio-1366x768-libdesplegada] Buffs 1366x768 SizeClass=Normal idioma=es libreriaBuffsPlegada=False | captura -> C:\Users\adrian\Downloads\Keep\Terrasavr-Win\Terrasavr-Native-vqa-final\Terrakeep.App.Tests\bin\Release\net10.0-windows\keepqa-evidencia\responsive-faseE\personaje-actual-medio-1366x768-libdesplegada.png
PERSONAJE [amplio-1520x860-libplegada] Buffs 1520x860 SizeClass=Amplio idioma=es libreriaBuffsPlegada=True | pagina vp=391,6 ext=391,6 scr=0 | scrollAnidadosV=0: ninguno
PERSONAJE [amplio-1520x860-libplegada] Buffs 1520x860 SizeClass=Amplio idioma=es libreriaBuffsPlegada=True | rejilla 44 celdas de 80,4px (MinCell=40 MaxCell=90 cols=11) | enteras sin desplazar=44/44
PERSONAJE [amplio-1520x860-libplegada] Buffs 1520x860 SizeClass=Amplio idioma=es libreriaBuffsPlegada=True | elementos=48 clipH=0 clipV=0
PERSONAJE [amplio-1520x860-libplegada] Buffs 1520x860 SizeClass=Amplio idioma=es libreriaBuffsPlegada=True | captura -> C:\Users\adrian\Downloads\Keep\Terrasavr-Win\Terrasavr-Native-vqa-final\Terrakeep.App.Tests\bin\Release\net10.0-windows\keepqa-evidencia\responsive-faseE\personaje-actual-amplio-1520x860-libplegada.png
PERSONAJE [amplio-1520x860-libdesplegada] Buffs 1520x860 SizeClass=Amplio idioma=es libreriaBuffsPlegada=False | pagina vp=391,6 ext=391,6 scr=0 | scrollAnidadosV=0: ninguno
PERSONAJE [amplio-1520x860-libdesplegada] Buffs 1520x860 SizeClass=Amplio idioma=es libreriaBuffsPlegada=False | rejilla 44 celdas de 80,4px (MinCell=40 MaxCell=90 cols=11) | enteras sin desplazar=44/44
PERSONAJE [amplio-1520x860-libdesplegada] Buffs 1520x860 SizeClass=Amplio idioma=es libreriaBuffsPlegada=False | elementos=48 clipH=0 clipV=0
PERSONAJE [amplio-1520x860-libdesplegada] Buffs 1520x860 SizeClass=Amplio idioma=es libreriaBuffsPlegada=False | captura -> C:\Users\adrian\Downloads\Keep\Terrasavr-Win\Terrasavr-Native-vqa-final\Terrakeep.App.Tests\bin\Release\net10.0-windows\keepqa-evidencia\responsive-faseE\personaje-actual-amplio-1520x860-libdesplegada.png
PERSONAJE [grande-1920x1080-libplegada] Buffs 1920x1080 SizeClass=Extra idioma=es libreriaBuffsPlegada=True | pagina vp=522,8 ext=430 scr=0 | scrollAnidadosV=0: ninguno
PERSONAJE [grande-1920x1080-libplegada] Buffs 1920x1080 SizeClass=Extra idioma=es libreriaBuffsPlegada=True | rejilla 44 celdas de 90px (MinCell=40 MaxCell=90 cols=11) | enteras sin desplazar=44/44
PERSONAJE [grande-1920x1080-libplegada] Buffs 1920x1080 SizeClass=Extra idioma=es libreriaBuffsPlegada=True | elementos=48 clipH=0 clipV=0
PERSONAJE [grande-1920x1080-libplegada] Buffs 1920x1080 SizeClass=Extra idioma=es libreriaBuffsPlegada=True | captura -> C:\Users\adrian\Downloads\Keep\Terrasavr-Win\Terrasavr-Native-vqa-final\Terrakeep.App.Tests\bin\Release\net10.0-windows\keepqa-evidencia\responsive-faseE\personaje-actual-grande-1920x1080-libplegada.png
PERSONAJE [grande-1920x1080-libdesplegada] Buffs 1920x1080 SizeClass=Extra idioma=es libreriaBuffsPlegada=False | pagina vp=522,8 ext=430 scr=0 | scrollAnidadosV=0: ninguno
PERSONAJE [grande-1920x1080-libdesplegada] Buffs 1920x1080 SizeClass=Extra idioma=es libreriaBuffsPlegada=False | rejilla 44 celdas de 90px (MinCell=40 MaxCell=90 cols=11) | enteras sin desplazar=44/44
PERSONAJE [grande-1920x1080-libdesplegada] Buffs 1920x1080 SizeClass=Extra idioma=es libreriaBuffsPlegada=False | elementos=48 clipH=0 clipV=0
PERSONAJE [grande-1920x1080-libdesplegada] Buffs 1920x1080 SizeClass=Extra idioma=es libreriaBuffsPlegada=False | captura -> C:\Users\adrian\Downloads\Keep\Terrasavr-Win\Terrasavr-Native-vqa-final\Terrakeep.App.Tests\bin\Release\net10.0-windows\keepqa-evidencia\responsive-faseE\personaje-actual-grande-1920x1080-libdesplegada.png
PERSONAJE [extra-2560x1440-libplegada] Buffs 2560x1440 SizeClass=Extra idioma=es libreriaBuffsPlegada=True | pagina vp=738,8 ext=430 scr=0 | scrollAnidadosV=0: ninguno
PERSONAJE [extra-2560x1440-libplegada] Buffs 2560x1440 SizeClass=Extra idioma=es libreriaBuffsPlegada=True | rejilla 44 celdas de 90px (MinCell=40 MaxCell=90 cols=11) | enteras sin desplazar=44/44
PERSONAJE [extra-2560x1440-libplegada] Buffs 2560x1440 SizeClass=Extra idioma=es libreriaBuffsPlegada=True | elementos=48 clipH=0 clipV=0
PERSONAJE [extra-2560x1440-libplegada] Buffs 2560x1440 SizeClass=Extra idioma=es libreriaBuffsPlegada=True | captura -> C:\Users\adrian\Downloads\Keep\Terrasavr-Win\Terrasavr-Native-vqa-final\Terrakeep.App.Tests\bin\Release\net10.0-windows\keepqa-evidencia\responsive-faseE\personaje-actual-extra-2560x1440-libplegada.png
PERSONAJE [extra-2560x1440-libdesplegada] Buffs 2560x1440 SizeClass=Extra idioma=es libreriaBuffsPlegada=False | pagina vp=738,8 ext=430 scr=0 | scrollAnidadosV=0: ninguno
PERSONAJE [extra-2560x1440-libdesplegada] Buffs 2560x1440 SizeClass=Extra idioma=es libreriaBuffsPlegada=False | rejilla 44 celdas de 90px (MinCell=40 MaxCell=90 cols=11) | enteras sin desplazar=44/44
PERSONAJE [extra-2560x1440-libdesplegada] Buffs 2560x1440 SizeClass=Extra idioma=es libreriaBuffsPlegada=False | elementos=48 clipH=0 clipV=0
PERSONAJE [extra-2560x1440-libdesplegada] Buffs 2560x1440 SizeClass=Extra idioma=es libreriaBuffsPlegada=False | captura -> C:\Users\adrian\Downloads\Keep\Terrasavr-Win\Terrasavr-Native-vqa-final\Terrakeep.App.Tests\bin\Release\net10.0-windows\keepqa-evidencia\responsive-faseE\personaje-actual-extra-2560x1440-libdesplegada.png
PERSONAJE [min-1080x700-EN-libdesplegada] Buffs 1080x700 SizeClass=Compacto idioma=en libreriaBuffsPlegada=False | pagina vp=292,7 ext=282,3 scr=0 | scrollAnidadosV=0: ninguno
PERSONAJE [min-1080x700-EN-libdesplegada] Buffs 1080x700 SizeClass=Compacto idioma=en libreriaBuffsPlegada=False | rejilla 44 celdas de 53,1px (MinCell=40 MaxCell=90 cols=11) | enteras sin desplazar=44/44
PERSONAJE [min-1080x700-EN-libdesplegada] Buffs 1080x700 SizeClass=Compacto idioma=en libreriaBuffsPlegada=False | elementos=48 clipH=0 clipV=0
PERSONAJE [min-1080x700-EN-libdesplegada] Buffs 1080x700 SizeClass=Compacto idioma=en libreriaBuffsPlegada=False | captura -> C:\Users\adrian\Downloads\Keep\Terrasavr-Win\Terrasavr-Native-vqa-final\Terrakeep.App.Tests\bin\Release\net10.0-windows\keepqa-evidencia\responsive-faseE\personaje-actual-min-1080x700-EN-libdesplegada.png
PERSONAJE BANNER: tras 'Vaciar' CanUndoClear=True
PERSONAJE [min-1080x700-banner-deshacer] Buffs 1080x700 SizeClass=Compacto idioma=es libreriaBuffsPlegada=False | pagina vp=292,7 ext=292,7 scr=0 | scrollAnidadosV=0: ninguno
PERSONAJE [min-1080x700-banner-deshacer] Buffs 1080x700 SizeClass=Compacto idioma=es libreriaBuffsPlegada=False | rejilla 44 celdas de 46,7px (MinCell=40 MaxCell=90 cols=11) | enteras sin desplazar=44/44
PERSONAJE [min-1080x700-banner-deshacer] Buffs 1080x700 SizeClass=Compacto idioma=es libreriaBuffsPlegada=False | elementos=49 clipH=0 clipV=0
PERSONAJE [min-1080x700-banner-deshacer] Buffs 1080x700 SizeClass=Compacto idioma=es libreriaBuffsPlegada=False | captura -> C:\Users\adrian\Downloads\Keep\Terrasavr-Win\Terrasavr-Native-vqa-final\Terrakeep.App.Tests\bin\Release\net10.0-windows\keepqa-evidencia\responsive-faseE\personaje-actual-min-1080x700-banner-deshacer.png
PERSONAJE RESIZE grande 1920x1080: pestaña=1 libreriaBuffsPlegada=False slotEditar=igual
PERSONAJE [resize-grande] Buffs 1920x1080 SizeClass=Extra idioma=es libreriaBuffsPlegada=False | pagina vp=522,8 ext=430 scr=0 | scrollAnidadosV=0: ninguno
PERSONAJE [resize-grande] Buffs 1920x1080 SizeClass=Extra idioma=es libreriaBuffsPlegada=False | rejilla 44 celdas de 90px (MinCell=40 MaxCell=90 cols=11) | enteras sin desplazar=44/44
PERSONAJE [resize-grande] Buffs 1920x1080 SizeClass=Extra idioma=es libreriaBuffsPlegada=False | elementos=48 clipH=0 clipV=0
PERSONAJE [resize-grande] Buffs 1920x1080 SizeClass=Extra idioma=es libreriaBuffsPlegada=False | captura -> C:\Users\adrian\Downloads\Keep\Terrasavr-Win\Terrasavr-Native-vqa-final\Terrakeep.App.Tests\bin\Release\net10.0-windows\keepqa-evidencia\responsive-faseE\personaje-actual-resize-grande.png
PERSONAJE RESIZE normal 1366x768: pestaña=1 libreriaBuffsPlegada=False slotEditar=igual
PERSONAJE [resize-normal] Buffs 1366x768 SizeClass=Normal idioma=es libreriaBuffsPlegada=False | pagina vp=336,4 ext=336,4 scr=0 | scrollAnidadosV=0: ninguno
PERSONAJE [resize-normal] Buffs 1366x768 SizeClass=Normal idioma=es libreriaBuffsPlegada=False | rejilla 44 celdas de 66,6px (MinCell=40 MaxCell=90 cols=11) | enteras sin desplazar=44/44
PERSONAJE [resize-normal] Buffs 1366x768 SizeClass=Normal idioma=es libreriaBuffsPlegada=False | elementos=48 clipH=0 clipV=0
PERSONAJE [resize-normal] Buffs 1366x768 SizeClass=Normal idioma=es libreriaBuffsPlegada=False | captura -> C:\Users\adrian\Downloads\Keep\Terrasavr-Win\Terrasavr-Native-vqa-final\Terrakeep.App.Tests\bin\Release\net10.0-windows\keepqa-evidencia\responsive-faseE\personaje-actual-resize-normal.png
PERSONAJE RESIZE minimo 1080x700: pestaña=1 libreriaBuffsPlegada=False slotEditar=igual
PERSONAJE [resize-minimo] Buffs 1080x700 SizeClass=Compacto idioma=es libreriaBuffsPlegada=False | pagina vp=292,7 ext=282,3 scr=0 | scrollAnidadosV=0: ninguno
PERSONAJE [resize-minimo] Buffs 1080x700 SizeClass=Compacto idioma=es libreriaBuffsPlegada=False | rejilla 44 celdas de 53,1px (MinCell=40 MaxCell=90 cols=11) | enteras sin desplazar=44/44
PERSONAJE [resize-minimo] Buffs 1080x700 SizeClass=Compacto idioma=es libreriaBuffsPlegada=False | elementos=48 clipH=0 clipV=0
PERSONAJE [resize-minimo] Buffs 1080x700 SizeClass=Compacto idioma=es libreriaBuffsPlegada=False | captura -> C:\Users\adrian\Downloads\Keep\Terrasavr-Win\Terrasavr-Native-vqa-final\Terrakeep.App.Tests\bin\Release\net10.0-windows\keepqa-evidencia\responsive-faseE\personaje-actual-resize-minimo.png
PERSONAJE RESIZE grande-vuelta 1920x1080: pestaña=1 libreriaBuffsPlegada=False slotEditar=igual
PERSONAJE [resize-grande-vuelta] Buffs 1920x1080 SizeClass=Extra idioma=es libreriaBuffsPlegada=False | pagina vp=522,8 ext=430 scr=0 | scrollAnidadosV=0: ninguno
PERSONAJE [resize-grande-vuelta] Buffs 1920x1080 SizeClass=Extra idioma=es libreriaBuffsPlegada=False | rejilla 44 celdas de 90px (MinCell=40 MaxCell=90 cols=11) | enteras sin desplazar=44/44
PERSONAJE [resize-grande-vuelta] Buffs 1920x1080 SizeClass=Extra idioma=es libreriaBuffsPlegada=False | elementos=48 clipH=0 clipV=0
PERSONAJE [resize-grande-vuelta] Buffs 1920x1080 SizeClass=Extra idioma=es libreriaBuffsPlegada=False | captura -> C:\Users\adrian\Downloads\Keep\Terrasavr-Win\Terrasavr-Native-vqa-final\Terrakeep.App.Tests\bin\Release\net10.0-windows\keepqa-evidencia\responsive-faseE\personaje-actual-resize-grande-vuelta.png
PERSONAJE VIEJO: ScrollViewer dentro de BuffsPaginaContenedor (visibles o no, sin contarse a si mismo) = 0 (esperado 0; antes 1, el de BuffContainerCompactTemplate)
PERSONAJE RESUMEN Buffs:
  primera-entrada-1080x700-libplegada: vp=453,1 ext=282,3 scr=0 anidados=0 celda=53,1 enteras=44/44
  min-1080x700-libdesplegada: vp=292,7 ext=282,3 scr=0 anidados=0 celda=53,1 enteras=44/44
  min-1080x700-libplegada: vp=453,1 ext=282,3 scr=0 anidados=0 celda=53,1 enteras=44/44
  min-1080x700-libdesplegada: vp=292,7 ext=282,3 scr=0 anidados=0 celda=53,1 enteras=44/44
  medio-1366x768-libplegada: vp=521,1 ext=358,6 scr=0 anidados=0 celda=72,2 enteras=44/44
  medio-1366x768-libdesplegada: vp=336,4 ext=336,4 scr=0 anidados=0 celda=66,6 enteras=44/44
  amplio-1520x860-libplegada: vp=391,6 ext=391,6 scr=0 anidados=0 celda=80,4 enteras=44/44
  amplio-1520x860-libdesplegada: vp=391,6 ext=391,6 scr=0 anidados=0 celda=80,4 enteras=44/44
  grande-1920x1080-libplegada: vp=522,8 ext=430 scr=0 anidados=0 celda=90 enteras=44/44
  grande-1920x1080-libdesplegada: vp=522,8 ext=430 scr=0 anidados=0 celda=90 enteras=44/44
  extra-2560x1440-libplegada: vp=738,8 ext=430 scr=0 anidados=0 celda=90 enteras=44/44
  extra-2560x1440-libdesplegada: vp=738,8 ext=430 scr=0 anidados=0 celda=90 enteras=44/44
  min-1080x700-EN-libdesplegada: vp=292,7 ext=282,3 scr=0 anidados=0 celda=53,1 enteras=44/44
  min-1080x700-banner-deshacer: vp=292,7 ext=292,7 scr=0 anidados=0 celda=46,7 enteras=44/44
  resize-grande: vp=522,8 ext=430 scr=0 anidados=0 celda=90 enteras=44/44
  resize-normal: vp=336,4 ext=336,4 scr=0 anidados=0 celda=66,6 enteras=44/44
  resize-minimo: vp=292,7 ext=282,3 scr=0 anidados=0 celda=53,1 enteras=44/44
  resize-grande-vuelta: vp=522,8 ext=430 scr=0 anidados=0 celda=90 enteras=44/44
PERSONAJE Apariencia[0] 1080x700 idioma=es: ScrollViewer vp=492,7 ext=479,7 scr=0
PERSONAJE Apariencia[1] 1080x700 idioma=es: ScrollViewer vp=492,7 ext=476,5 scr=0
PERSONAJE SpawnPoints 1080x700 idioma=es: vp=406,9 ext=113,3 scr=0
PERSONAJE Desbloqueos 1080x700 idioma=es: vp=492,7 ext=486,7 scr=0
PERSONAJE Version 1080x700 idioma=es: vp=492,7 ext=462,1 scr=0
PERSONAJE Comparar 1080x700 idioma=es: ShowResults=True vp=371,9 ext=1312,8 scr=940,9
PERSONAJE Apariencia[0] 1366x768 idioma=es: ScrollViewer vp=560,7 ext=547,9 scr=0
PERSONAJE Apariencia[1] 1366x768 idioma=es: ScrollViewer vp=560,7 ext=550,4 scr=0
PERSONAJE SpawnPoints 1366x768 idioma=es: vp=474,9 ext=113,3 scr=0
PERSONAJE Desbloqueos 1366x768 idioma=es: vp=560,7 ext=486,7 scr=0
PERSONAJE Version 1366x768 idioma=es: vp=560,7 ext=462,1 scr=0
PERSONAJE Comparar 1366x768 idioma=es: ShowResults=True vp=439,9 ext=1274,8 scr=834,9
PERSONAJE Apariencia[0] 1520x860 idioma=es: ScrollViewer vp=652,7 ext=553,7 scr=0
PERSONAJE Apariencia[1] 1520x860 idioma=es: ScrollViewer vp=652,7 ext=626,8 scr=0
PERSONAJE SpawnPoints 1520x860 idioma=es: vp=566,9 ext=113,3 scr=0
PERSONAJE Desbloqueos 1520x860 idioma=es: vp=652,7 ext=341,2 scr=0
PERSONAJE Version 1520x860 idioma=es: vp=652,7 ext=431,5 scr=0
PERSONAJE Comparar 1520x860 idioma=es: ShowResults=True vp=531,9 ext=1274,8 scr=742,9
PERSONAJE Apariencia[0] 1920x1080 idioma=es: ScrollViewer vp=871,4 ext=563 scr=0
PERSONAJE Apariencia[1] 1920x1080 idioma=es: ScrollViewer vp=871,4 ext=480,2 scr=0
PERSONAJE SpawnPoints 1920x1080 idioma=es: vp=782,9 ext=113,3 scr=0
PERSONAJE Desbloqueos 1920x1080 idioma=es: vp=871,4 ext=343,8 scr=0
PERSONAJE Version 1920x1080 idioma=es: vp=871,4 ext=434,2 scr=0
PERSONAJE Comparar 1920x1080 idioma=es: ShowResults=True vp=747,9 ext=1251,4 scr=503,5
PERSONAJE Apariencia[0] 2560x1440 idioma=es: ScrollViewer vp=1231,4 ext=563 scr=0
PERSONAJE Apariencia[1] 2560x1440 idioma=es: ScrollViewer vp=1231,4 ext=480,2 scr=0
PERSONAJE SpawnPoints 2560x1440 idioma=es: vp=1142,9 ext=113,3 scr=0
PERSONAJE Desbloqueos 2560x1440 idioma=es: vp=1231,4 ext=343,8 scr=0
PERSONAJE Version 2560x1440 idioma=es: vp=1231,4 ext=434,2 scr=0
PERSONAJE Comparar 2560x1440 idioma=es: ShowResults=True vp=1107,9 ext=1213,4 scr=105,5
PERSONAJE Apariencia[0] 1080x700 idioma=en: ScrollViewer vp=492,7 ext=465 scr=0
PERSONAJE Apariencia[1] 1080x700 idioma=en: ScrollViewer vp=492,7 ext=476,5 scr=0
PERSONAJE SpawnPoints 1080x700 idioma=en: vp=406,9 ext=113,3 scr=0
PERSONAJE Desbloqueos 1080x700 idioma=en: vp=492,7 ext=454,8 scr=0
PERSONAJE Version 1080x700 idioma=en: vp=492,7 ext=462,1 scr=0
PERSONAJE Comparar 1080x700 idioma=en: ShowResults=True vp=371,9 ext=1312,8 scr=940,9
PERSONAJE Apariencia[0] 1366x768 idioma=en: ScrollViewer vp=560,7 ext=533,3 scr=0
PERSONAJE Apariencia[1] 1366x768 idioma=en: ScrollViewer vp=560,7 ext=550,4 scr=0
PERSONAJE Apariencia[0] 1920x1080 idioma=en: ScrollViewer vp=871,4 ext=547 scr=0
PERSONAJE Apariencia[1] 1920x1080 idioma=en: ScrollViewer vp=871,4 ext=480,2 scr=0
PERSONAJE APARIENCIA FONTSIZE: SectionText=14 BodyText=12,5 CaptionText=11
PERSONAJE APARIENCIA MUÑECO 1080x700: Width=200 Height=280 escala=5,00x/5,00x modo=NearestNeighbor
PERSONAJE APARIENCIA MUÑECO 1366x768: Width=240 Height=336 escala=6,00x/6,00x modo=NearestNeighbor
PERSONAJE RESIZE-COMPARAR grande 1920x1080: pestaña=7 personajesIguales=True
PERSONAJE RESIZE-COMPARAR minimo 1080x700: pestaña=7 personajesIguales=True
PERSONAJE RESIZE-COMPARAR grande-vuelta 1920x1080: pestaña=7 personajesIguales=True
PERSONAJE_RESPONSIVE_SOLO: 0 fallo(s)
DONE (PERSONAJE_RESPONSIVE_SOLO)
CAPTURAS-VALIDACION: 35 captura(s) de esta ejecucion revisadas, 35 con contenido real, 0 INCONCLUSIVE (en blanco)
AISLAMIENTO-ESTADO: los 4 JSON reales de C:\Users\adrian\AppData\Local\Terrakeep siguen con el MISMO SHA256 que al arrancar (ProcessExit); escrituras bloqueadas por la guarda=0
